Archive member included to satisfy reference by file (symbol)

/opt/gcc-arm-10.3-2021.07-x86_64-aarch64-none-elf/bin/../lib/gcc/aarch64-none-elf/10.3.1/../../../../aarch64-none-elf/lib/libm.a(lib_a-pow.o)
                              CMakeFiles/test_gpio.elf.dir/home/efacec/nxp/Repositories/hww/mcux-sdk/utilities/debug_console/str/fsl_str.c.obj (pow)
/opt/gcc-arm-10.3-2021.07-x86_64-aarch64-none-elf/bin/../lib/gcc/aarch64-none-elf/10.3.1/../../../../aarch64-none-elf/lib/libm.a(lib_a-s_modf.o)
                              CMakeFiles/test_gpio.elf.dir/home/efacec/nxp/Repositories/hww/mcux-sdk/utilities/debug_console/str/fsl_str.c.obj (modf)
/opt/gcc-arm-10.3-2021.07-x86_64-aarch64-none-elf/bin/../lib/gcc/aarch64-none-elf/10.3.1/../../../../aarch64-none-elf/lib/libm.a(lib_a-exp_data.o)
                              /opt/gcc-arm-10.3-2021.07-x86_64-aarch64-none-elf/bin/../lib/gcc/aarch64-none-elf/10.3.1/../../../../aarch64-none-elf/lib/libm.a(lib_a-pow.o) (__exp_data)
/opt/gcc-arm-10.3-2021.07-x86_64-aarch64-none-elf/bin/../lib/gcc/aarch64-none-elf/10.3.1/../../../../aarch64-none-elf/lib/libm.a(lib_a-math_err.o)
                              /opt/gcc-arm-10.3-2021.07-x86_64-aarch64-none-elf/bin/../lib/gcc/aarch64-none-elf/10.3.1/../../../../aarch64-none-elf/lib/libm.a(lib_a-pow.o) (__math_uflow)
/opt/gcc-arm-10.3-2021.07-x86_64-aarch64-none-elf/bin/../lib/gcc/aarch64-none-elf/10.3.1/../../../../aarch64-none-elf/lib/libm.a(lib_a-pow_log_data.o)
                              /opt/gcc-arm-10.3-2021.07-x86_64-aarch64-none-elf/bin/../lib/gcc/aarch64-none-elf/10.3.1/../../../../aarch64-none-elf/lib/libm.a(lib_a-pow.o) (__pow_log_data)
/opt/gcc-arm-10.3-2021.07-x86_64-aarch64-none-elf/bin/../lib/gcc/aarch64-none-elf/10.3.1/../../../../aarch64-none-elf/lib/libm.a(lib_a-s_fpclassify.o)
                              /opt/gcc-arm-10.3-2021.07-x86_64-aarch64-none-elf/bin/../lib/gcc/aarch64-none-elf/10.3.1/../../../../aarch64-none-elf/lib/libm.a(lib_a-s_modf.o) (__fpclassifyd)
/opt/gcc-arm-10.3-2021.07-x86_64-aarch64-none-elf/bin/../lib/gcc/aarch64-none-elf/10.3.1/../../../../aarch64-none-elf/lib/libc.a(lib_a-atexit.o)
                              /opt/gcc-arm-10.3-2021.07-x86_64-aarch64-none-elf/bin/../lib/gcc/aarch64-none-elf/10.3.1/../../../../aarch64-none-elf/lib/crt0.o (atexit)
/opt/gcc-arm-10.3-2021.07-x86_64-aarch64-none-elf/bin/../lib/gcc/aarch64-none-elf/10.3.1/../../../../aarch64-none-elf/lib/libc.a(lib_a-errno.o)
                              CMakeFiles/test_gpio.elf.dir/home/efacec/nxp/Repositories/hww/mcux-sdk/utilities/debug_console/str/fsl_str.c.obj (__errno)
/opt/gcc-arm-10.3-2021.07-x86_64-aarch64-none-elf/bin/../lib/gcc/aarch64-none-elf/10.3.1/../../../../aarch64-none-elf/lib/libc.a(lib_a-exit.o)
                              /opt/gcc-arm-10.3-2021.07-x86_64-aarch64-none-elf/bin/../lib/gcc/aarch64-none-elf/10.3.1/../../../../aarch64-none-elf/lib/crt0.o (exit)
/opt/gcc-arm-10.3-2021.07-x86_64-aarch64-none-elf/bin/../lib/gcc/aarch64-none-elf/10.3.1/../../../../aarch64-none-elf/lib/libc.a(lib_a-fini.o)
                              /opt/gcc-arm-10.3-2021.07-x86_64-aarch64-none-elf/bin/../lib/gcc/aarch64-none-elf/10.3.1/../../../../aarch64-none-elf/lib/crt0.o (__libc_fini_array)
/opt/gcc-arm-10.3-2021.07-x86_64-aarch64-none-elf/bin/../lib/gcc/aarch64-none-elf/10.3.1/../../../../aarch64-none-elf/lib/libc.a(lib_a-impure.o)
                              /opt/gcc-arm-10.3-2021.07-x86_64-aarch64-none-elf/bin/../lib/gcc/aarch64-none-elf/10.3.1/../../../../aarch64-none-elf/lib/libc.a(lib_a-exit.o) (_global_impure_ptr)
/opt/gcc-arm-10.3-2021.07-x86_64-aarch64-none-elf/bin/../lib/gcc/aarch64-none-elf/10.3.1/../../../../aarch64-none-elf/lib/libc.a(lib_a-init.o)
                              /opt/gcc-arm-10.3-2021.07-x86_64-aarch64-none-elf/bin/../lib/gcc/aarch64-none-elf/10.3.1/../../../../aarch64-none-elf/lib/crt0.o (__libc_init_array)
/opt/gcc-arm-10.3-2021.07-x86_64-aarch64-none-elf/bin/../lib/gcc/aarch64-none-elf/10.3.1/../../../../aarch64-none-elf/lib/libc.a(lib_a-malloc.o)
                              CMakeFiles/test_gpio.elf.dir/home/efacec/nxp/Repositories/hww/mcux-sdk/drivers/common/fsl_common.c.obj (malloc)
/opt/gcc-arm-10.3-2021.07-x86_64-aarch64-none-elf/bin/../lib/gcc/aarch64-none-elf/10.3.1/../../../../aarch64-none-elf/lib/libc.a(lib_a-mallocr.o)
                              /opt/gcc-arm-10.3-2021.07-x86_64-aarch64-none-elf/bin/../lib/gcc/aarch64-none-elf/10.3.1/../../../../aarch64-none-elf/lib/libc.a(lib_a-malloc.o) (_malloc_r)
/opt/gcc-arm-10.3-2021.07-x86_64-aarch64-none-elf/bin/../lib/gcc/aarch64-none-elf/10.3.1/../../../../aarch64-none-elf/lib/libc.a(lib_a-memcpy.o)
                              CMakeFiles/test_gpio.elf.dir/home/efacec/nxp/Repositories/hww/mcux-sdk/components/serial_manager/fsl_component_serial_manager.c.obj (memcpy)
/opt/gcc-arm-10.3-2021.07-x86_64-aarch64-none-elf/bin/../lib/gcc/aarch64-none-elf/10.3.1/../../../../aarch64-none-elf/lib/libc.a(lib_a-memset.o)
[...]
Memory Configuration

Name             Origin             Length             Attributes
itcm             0x00000000007e0000 0x0000000000020000 xr
dtcm             0x0000000000800000 0x0000000000020000 rw
ocram_text       0x0000000000900000 0x0000000000030000 xr
ocram_data       0x0000000000930000 0x0000000000030000 rw
m_interrupts     0x00000000c0000000 0x0000000000002000 xr
m_text           0x00000000c0002000 0x00000000005fe000 xr
m_data           0x00000000c0600000 0x00000000005fe000 rw
m_stacks         0x00000000c0bfe000 0x0000000000002000 rw
m_data_nc        0x00000000c0c00000 0x0000000000400000 rw
*default*        0x0000000000000000 0xffffffffffffffff

Linker script and memory map

LOAD /opt/gcc-arm-10.3-2021.07-x86_64-aarch64-none-elf/bin/../lib/gcc/aarch64-none-elf/10.3.1/crti.o
LOAD /opt/gcc-arm-10.3-2021.07-x86_64-aarch64-none-elf/bin/../lib/gcc/aarch64-none-elf/10.3.1/crtbegin.o
LOAD /opt/gcc-arm-10.3-2021.07-x86_64-aarch64-none-elf/bin/../lib/gcc/aarch64-none-elf/10.3.1/../../../../aarch64-none-elf/lib/crt0.o
LOAD CMakeFiles/test_gpio.elf.dir/home/efacec/nxp/Repositories/hww/harpoon-apps/test_gpio/src/hello_world.c.obj
LOAD CMakeFiles/test_gpio.elf.dir/home/efacec/nxp/Repositories/hww/harpoon-apps/test_gpio/freertos/main.c.obj
LOAD CMakeFiles/test_gpio.elf.dir/home/efacec/nxp/Repositories/hww/harpoon-apps/test_gpio/freertos/fsl_gpio.c.obj
LOAD CMakeFiles/test_gpio.elf.dir/home/efacec/nxp/Repositories/hww/harpoon-apps/common/freertos/boards/evkmimx8mp/board.c.obj
LOAD CMakeFiles/test_gpio.elf.dir/home/efacec/nxp/Repositories/hww/harpoon-apps/common/freertos/boards/evkmimx8mp/mmu.c.obj
LOAD CMakeFiles/test_gpio.elf.dir/home/efacec/nxp/Repositories/hww/mcux-sdk/devices/MIMX8ML8/system_MIMX8ML8_ca53.c.obj
LOAD CMakeFiles/test_gpio.elf.dir/home/efacec/nxp/Repositories/hww/harpoon-apps/common/freertos/FreeRTOS_helper.c.obj
LOAD CMakeFiles/test_gpio.elf.dir/home/efacec/nxp/Repositories/hww/harpoon-apps/common/freertos/FreeRTOS_tick_config.c.obj
LOAD CMakeFiles/test_gpio.elf.dir/home/efacec/nxp/Repositories/hww/harpoon-apps/common/freertos/idle.c.obj
LOAD CMakeFiles/test_gpio.elf.dir/home/efacec/nxp/Repositories/hww/harpoon-apps/common/freertos/irq.c.obj
LOAD CMakeFiles/test_gpio.elf.dir/home/efacec/nxp/Repositories/hww/harpoon-apps/common/freertos/os/mqueue.c.obj
LOAD CMakeFiles/test_gpio.elf.dir/home/efacec/nxp/Repositories/hww/harpoon-apps/common/freertos/uart.c.obj
LOAD CMakeFiles/test_gpio.elf.dir/home/efacec/nxp/Repositories/hww/harpoon-apps/common/freertos/core/armv8a/startup.S.obj
LOAD CMakeFiles/test_gpio.elf.dir/home/efacec/nxp/Repositories/hww/harpoon-apps/common/freertos/core/armv8a/exception.c.obj
LOAD CMakeFiles/test_gpio.elf.dir/home/efacec/nxp/Repositories/hww/harpoon-apps/common/freertos/core/armv8a/system.c.obj
LOAD CMakeFiles/test_gpio.elf.dir/home/efacec/nxp/Repositories/hww/harpoon-apps/common/libs/hlog/hlog.c.obj
LOAD CMakeFiles/test_gpio.elf.dir/home/efacec/nxp/Repositories/hww/harpoon-apps/common/libs/hlog/sdk_printf.c.obj
LOAD CMakeFiles/test_gpio.elf.dir/home/efacec/nxp/Repositories/hww/mcux-sdk/components/uart/fsl_adapter_iuart.c.obj
LOAD CMakeFiles/test_gpio.elf.dir/home/efacec/nxp/Repositories/hww/mcux-sdk/drivers/common/fsl_common.c.obj
LOAD CMakeFiles/test_gpio.elf.dir/home/efacec/nxp/Repositories/hww/mcux-sdk/drivers/common/fsl_common_arm.c.obj
LOAD CMakeFiles/test_gpio.elf.dir/home/efacec/nxp/Repositories/hww/mcux-sdk/CMSIS/Core_AArch64/Source/cache_armv8a.c.obj
LOAD CMakeFiles/test_gpio.elf.dir/home/efacec/nxp/Repositories/hww/mcux-sdk/CMSIS/Core_AArch64/Source/mmu_armv8a.c.obj
LOAD CMakeFiles/test_gpio.elf.dir/home/efacec/nxp/Repositories/hww/mcux-sdk/drivers/iuart/fsl_uart.c.obj
LOAD CMakeFiles/test_gpio.elf.dir/home/efacec/nxp/Repositories/hww/mcux-sdk/components/lists/fsl_component_generic_list.c.obj
LOAD CMakeFiles/test_gpio.elf.dir/home/efacec/nxp/Repositories/hww/mcux-sdk/components/serial_manager/fsl_component_serial_manager.c.obj
LOAD CMakeFiles/test_gpio.elf.dir/home/efacec/nxp/Repositories/hww/mcux-sdk/components/serial_manager/fsl_component_serial_port_uart.c.obj
LOAD CMakeFiles/test_gpio.elf.dir/home/efacec/nxp/Repositories/hww/mcux-sdk/devices/MIMX8ML8/drivers/fsl_clock.c.obj
LOAD CMakeFiles/test_gpio.elf.dir/home/efacec/nxp/Repositories/hww/mcux-sdk/drivers/igpio/fsl_gpio.c.obj
LOAD CMakeFiles/test_gpio.elf.dir/home/efacec/nxp/Repositories/hww/FreeRTOS-Kernel/portable/MemMang/heap_4.c.obj
LOAD CMakeFiles/test_gpio.elf.dir/home/efacec/nxp/Repositories/hww/FreeRTOS-Kernel/croutine.c.obj
LOAD CMakeFiles/test_gpio.elf.dir/home/efacec/nxp/Repositories/hww/FreeRTOS-Kernel/event_groups.c.obj
LOAD CMakeFiles/test_gpio.elf.dir/home/efacec/nxp/Repositories/hww/FreeRTOS-Kernel/list.c.obj
LOAD CMakeFiles/test_gpio.elf.dir/home/efacec/nxp/Repositories/hww/FreeRTOS-Kernel/portable/GCC/AARCH64_SRE/port.c.obj
LOAD CMakeFiles/test_gpio.elf.dir/home/efacec/nxp/Repositories/hww/FreeRTOS-Kernel/portable/GCC/AARCH64_SRE/portASM.S.obj
LOAD CMakeFiles/test_gpio.elf.dir/home/efacec/nxp/Repositories/hww/FreeRTOS-Kernel/queue.c.obj
LOAD CMakeFiles/test_gpio.elf.dir/home/efacec/nxp/Repositories/hww/FreeRTOS-Kernel/stream_buffer.c.obj
LOAD CMakeFiles/test_gpio.elf.dir/home/efacec/nxp/Repositories/hww/FreeRTOS-Kernel/tasks.c.obj
LOAD CMakeFiles/test_gpio.elf.dir/home/efacec/nxp/Repositories/hww/FreeRTOS-Kernel/timers.c.obj
LOAD CMakeFiles/test_gpio.elf.dir/home/efacec/nxp/Repositories/hww/mcux-sdk/utilities/assert/fsl_assert.c.obj
LOAD CMakeFiles/test_gpio.elf.dir/home/efacec/nxp/Repositories/hww/mcux-sdk/utilities/debug_console/str/fsl_str.c.obj
LOAD CMakeFiles/test_gpio.elf.dir/home/efacec/nxp/Repositories/hww/mcux-sdk/utilities/debug_console/debug_console/fsl_debug_console.c.obj
LOAD CMakeFiles/test_gpio.elf.dir/home/efacec/nxp/Repositories/hww/mcux-sdk/utilities/misc_utilities/fsl_sbrk.c.obj
START GROUP
LOAD /opt/gcc-arm-10.3-2021.07-x86_64-aarch64-none-elf/bin/../lib/gcc/aarch64-none-elf/10.3.1/../../../../aarch64-none-elf/lib/libm.a
LOAD /opt/gcc-arm-10.3-2021.07-x86_64-aarch64-none-elf/bin/../lib/gcc/aarch64-none-elf/10.3.1/../../../../aarch64-none-elf/lib/libc.a
LOAD /opt/gcc-arm-10.3-2021.07-x86_64-aarch64-none-elf/bin/../lib/gcc/aarch64-none-elf/10.3.1/libgcc.a
LOAD /opt/gcc-arm-10.3-2021.07-x86_64-aarch64-none-elf/bin/../lib/gcc/aarch64-none-elf/10.3.1/../../../../aarch64-none-elf/lib/libnosys.a
END GROUP
LOAD /opt/gcc-arm-10.3-2021.07-x86_64-aarch64-none-elf/bin/../lib/gcc/aarch64-none-elf/10.3.1/libgcc.a
LOAD /opt/gcc-arm-10.3-2021.07-x86_64-aarch64-none-elf/bin/../lib/gcc/aarch64-none-elf/10.3.1/../../../../aarch64-none-elf/lib/libc.a
LOAD /opt/gcc-arm-10.3-2021.07-x86_64-aarch64-none-elf/bin/../lib/gcc/aarch64-none-elf/10.3.1/libgcc.a
START GROUP
LOAD /opt/gcc-arm-10.3-2021.07-x86_64-aarch64-none-elf/bin/../lib/gcc/aarch64-none-elf/10.3.1/libgcc.a
LOAD /opt/gcc-arm-10.3-2021.07-x86_64-aarch64-none-elf/bin/../lib/gcc/aarch64-none-elf/10.3.1/../../../../aarch64-none-elf/lib/libc.a
LOAD /opt/gcc-arm-10.3-2021.07-x86_64-aarch64-none-elf/bin/../lib/gcc/aarch64-none-elf/10.3.1/../../../../aarch64-none-elf/lib/libnosys.a
END GROUP
LOAD /opt/gcc-arm-10.3-2021.07-x86_64-aarch64-none-elf/bin/../lib/gcc/aarch64-none-elf/10.3.1/crtend.o
LOAD /opt/gcc-arm-10.3-2021.07-x86_64-aarch64-none-elf/bin/../lib/gcc/aarch64-none-elf/10.3.1/crtn.o
                0x0000000000000400                HEAP_SIZE = DEFINED (__heap_size__)?__heap_size__:0x400
                0x0000000000001000                STACK_SIZE = DEFINED (__stack_size__)?__stack_size__:0x1000

.interrupts     0x00000000c0000000     0x17d4
                0x00000000c0000000                . = ALIGN (0x40)
 *(.boot)
 .boot          0x00000000c0000000     0x17d4 CMakeFiles/test_gpio.elf.dir/home/efacec/nxp/Repositories/hww/harpoon-apps/common/freertos/core/armv8a/startup.S.obj
                0x00000000c0000000                Reset_Handler
                0x00000000c0000800                vectors
                0x00000000c0001000                _freertos_vector_table

.ocram_text     0x0000000000900000        0x0 load address 0x00000000c0002000
                0x00000000c0002000                __ocramtext_load__ = LOADADDR (.ocram_text)
                0x0000000000900000                . = ALIGN (0x1000)
                0x0000000000900000                __ocramtext_start__ = .
 *ocram.c.obj(.text*)
                0x0000000000900000                . = ALIGN (0x8)
                0x0000000000900000                __ocramtext_init_end__ = .
                0x0000000000900000                . = ALIGN (0x1000)
                0x0000000000900000                __ocramtext_end__ = .

.ocram_data     0x0000000000930000        0x0 load address 0x00000000c0002000
                0x00000000c0002000                __ocramdata_load__ = LOADADDR (.ocram_data)
                0x0000000000930000                . = ALIGN (0x1000)
                0x0000000000930000                __ocramdata_start__ = .
 *ocram.c.obj(.data*)
 *ocram.c.obj(*.rodata)
                0x0000000000930000                . = ALIGN (0x8)
                0x0000000000930000                __ocramdata_init_end__ = .

.ocram_bss      0x0000000000930000        0x0 load address 0x00000000c0002000
 *ocram.c.obj(.bss*)
                0x0000000000930000                . = ALIGN (0x1000)
                0x0000000000930000                __ocramdata_end__ = .

.itcm           0x00000000007e0000        0x0 load address 0x00000000c0002000
                0x00000000c0002000                __itcm_load__ = LOADADDR (.itcm)
                0x00000000007e0000                . = ALIGN (0x1000)
                0x00000000007e0000                __itcm_start__ = .
 *tcm.c.obj(.text*)
                0x00000000007e0000                . = ALIGN (0x8)
                0x00000000007e0000                __itcm_init_end__ = .
                0x00000000007e0000                . = ALIGN (0x1000)
                0x00000000007e0000                __itcm_end__ = .

.dtcm           0x0000000000800000        0x0 load address 0x00000000c0002000
                0x00000000c0002000                __dtcm_load__ = LOADADDR (.dtcm)
                0x0000000000800000                . = ALIGN (0x1000)
                0x0000000000800000                __dtcm_start__ = .
 *tcm.c.obj(.data*)
 *tcm.c.obj(*.rodata)
                0x0000000000800000                . = ALIGN (0x8)
                0x0000000000800000                __dtcm_init_end__ = .

.dtcm_bss       0x0000000000800000        0x0 load address 0x00000000c0002000
 *tcm.c.obj(.bss*)
                0x0000000000800000                . = ALIGN (0x1000)
                0x0000000000800000                __dtcm_end__ = .

.text           0x00000000c0002000     0xd174
                0x00000000c0002000                . = ALIGN (0x40)
 *(.text)
 .text          0x00000000c0002000      0x638 CMakeFiles/test_gpio.elf.dir/home/efacec/nxp/Repositories/hww/FreeRTOS-Kernel/portable/GCC/AARCH64_SRE/portASM.S.obj
                0x00000000c0002000                FreeRTOS_SWI_Handler
                0x00000000c0002200                vPortRestoreTaskContext
                0x00000000c0002300                FreeRTOS_IRQ_Handler
 *fill*         0x00000000c0002638        0x8 
 .text          0x00000000c0002640      0x16c /opt/gcc-arm-10.3-2021.07-x86_64-aarch64-none-elf/bin/../lib/gcc/aarch64-none-elf/10.3.1/../../../../aarch64-none-elf/lib/libc.a(lib_a-memcpy.o)
                0x00000000c0002640                memcpy
 *fill*         0x00000000c00027ac       0x14 
 .text          0x00000000c00027c0      0x1dc /opt/gcc-arm-10.3-2021.07-x86_64-aarch64-none-elf/bin/../lib/gcc/aarch64-none-elf/10.3.1/../../../../aarch64-none-elf/lib/libc.a(lib_a-memset.o)
                0x00000000c00027c0                memset
 *fill*         0x00000000c000299c       0x24 
 .text          0x00000000c00029c0      0x140 /opt/gcc-arm-10.3-2021.07-x86_64-aarch64-none-elf/bin/../lib/gcc/aarch64-none-elf/10.3.1/../../../../aarch64-none-elf/lib/libc.a(lib_a-strlen.o)
                0x00000000c00029c0                strlen
 *(.text*)
 .text.deregister_tm_clones
                0x00000000c0002b00       0x30 /opt/gcc-arm-10.3-2021.07-x86_64-aarch64-none-elf/bin/../lib/gcc/aarch64-none-elf/10.3.1/crtbegin.o
 .text.register_tm_clones
                0x00000000c0002b30       0x3c /opt/gcc-arm-10.3-2021.07-x86_64-aarch64-none-elf/bin/../lib/gcc/aarch64-none-elf/10.3.1/crtbegin.o
 *fill*         0x00000000c0002b6c        0x4 
 .text.__do_global_dtors_aux
                0x00000000c0002b70       0x48 /opt/gcc-arm-10.3-2021.07-x86_64-aarch64-none-elf/bin/../lib/gcc/aarch64-none-elf/10.3.1/crtbegin.o
 *fill*         0x00000000c0002bb8        0x8 
 .text.frame_dummy
                0x00000000c0002bc0       0x34 /opt/gcc-arm-10.3-2021.07-x86_64-aarch64-none-elf/bin/../lib/gcc/aarch64-none-elf/10.3.1/crtbegin.o
 *fill*         0x00000000c0002bf4        0xc 
 .text.os_printf
                0x00000000c0002c00       0x74 CMakeFiles/test_gpio.elf.dir/home/efacec/nxp/Repositories/hww/harpoon-apps/test_gpio/freertos/main.c.obj
 *fill*         0x00000000c0002c74        0xc 
 .text.os_printf.constprop.0
                0x00000000c0002c80       0x80 CMakeFiles/test_gpio.elf.dir/home/efacec/nxp/Repositories/hww/harpoon-apps/test_gpio/freertos/main.c.obj
 .text.os_printf.constprop.1
                0x00000000c0002d00       0x80 CMakeFiles/test_gpio.elf.dir/home/efacec/nxp/Repositories/hww/harpoon-apps/test_gpio/freertos/main.c.obj
 .text.os_printf.constprop.2
                0x00000000c0002d80       0x80 CMakeFiles/test_gpio.elf.dir/home/efacec/nxp/Repositories/hww/harpoon-apps/test_gpio/freertos/main.c.obj
 .text.tictac_func
                0x00000000c0002e00      0x120 CMakeFiles/test_gpio.elf.dir/home/efacec/nxp/Repositories/hww/harpoon-apps/test_gpio/freertos/main.c.obj
 .text.BOARD_InitClocks
                0x00000000c0002f20        0x4 CMakeFiles/test_gpio.elf.dir/home/efacec/nxp/Repositories/hww/harpoon-apps/test_gpio/freertos/main.c.obj
                0x00000000c0002f20                BOARD_InitClocks
 *fill*         0x00000000c0002f24        0xc 
 .text.startup.main
                0x00000000c0002f30       0x40 CMakeFiles/test_gpio.elf.dir/home/efacec/nxp/Repositories/hww/harpoon-apps/test_gpio/freertos/main.c.obj
                0x00000000c0002f30                main
 .text.GPIO_PinInit
                0x00000000c0002f70      0x150 CMakeFiles/test_gpio.elf.dir/home/efacec/nxp/Repositories/hww/harpoon-apps/test_gpio/freertos/fsl_gpio.c.obj
                0x00000000c0002f70                GPIO_PinInit
 .text.GPIO_PinWrite
                0x00000000c00030c0       0x2c CMakeFiles/test_gpio.elf.dir/home/efacec/nxp/Repositories/hww/harpoon-apps/test_gpio/freertos/fsl_gpio.c.obj
                0x00000000c00030c0                GPIO_PinWrite
 *fill*         0x00000000c00030ec        0x4 
 .text.BOARD_InitDebugConsole
                0x00000000c00030f0        0x4 CMakeFiles/test_gpio.elf.dir/home/efacec/nxp/Repositories/hww/harpoon-apps/common/freertos/boards/evkmimx8mp/board.c.obj
                0x00000000c00030f0                BOARD_InitDebugConsole
 *fill*         0x00000000c00030f4        0xc 
 .text.BOARD_InitMemory
                0x00000000c0003100        0x4 CMakeFiles/test_gpio.elf.dir/home/efacec/nxp/Repositories/hww/harpoon-apps/common/freertos/boards/evkmimx8mp/board.c.obj
                0x00000000c0003100                BOARD_InitMemory
 *fill*         0x00000000c0003104        0xc 
 .text.MMU_init
                0x00000000c0003110       0x10 CMakeFiles/test_gpio.elf.dir/home/efacec/nxp/Repositories/hww/harpoon-apps/common/freertos/boards/evkmimx8mp/mmu.c.obj
                0x00000000c0003110                MMU_init
 .text.SystemInit
                0x00000000c0003120       0x28 CMakeFiles/test_gpio.elf.dir/home/efacec/nxp/Repositories/hww/mcux-sdk/devices/MIMX8ML8/system_MIMX8ML8_ca53.c.obj
                0x00000000c0003120                SystemInit
 *fill*         0x00000000c0003148        0x8 
 .text.vMainAssertCalled
                0x00000000c0003150       0x20 CMakeFiles/test_gpio.elf.dir/home/efacec/nxp/Repositories/hww/harpoon-apps/common/freertos/FreeRTOS_helper.c.obj
                0x00000000c0003150                vMainAssertCalled
 .text.vApplicationGetIdleTaskMemory
                0x00000000c0003170       0x24 CMakeFiles/test_gpio.elf.dir/home/efacec/nxp/Repositories/hww/harpoon-apps/common/freertos/FreeRTOS_helper.c.obj
                0x00000000c0003170                vApplicationGetIdleTaskMemory
 *fill*         0x00000000c0003194        0xc 
 .text.vApplicationGetTimerTaskMemory
                0x00000000c00031a0       0x24 CMakeFiles/test_gpio.elf.dir/home/efacec/nxp/Repositories/hww/harpoon-apps/common/freertos/FreeRTOS_helper.c.obj
                0x00000000c00031a0                vApplicationGetTimerTaskMemory
 *fill*         0x00000000c00031c4        0xc 
 .text.vApplicationStackOverflowHook
                0x00000000c00031d0       0x1c CMakeFiles/test_gpio.elf.dir/home/efacec/nxp/Repositories/hww/harpoon-apps/common/freertos/FreeRTOS_helper.c.obj
                0x00000000c00031d0                vApplicationStackOverflowHook
 *fill*         0x00000000c00031ec        0x4 
 .text.VirtualTimer_IRQn_Handler
                0x00000000c00031f0        0x4 CMakeFiles/test_gpio.elf.dir/home/efacec/nxp/Repositories/hww/harpoon-apps/common/freertos/FreeRTOS_tick_config.c.obj
 *fill*         0x00000000c00031f4        0xc 
 .text.vConfigureTickInterrupt
                0x00000000c0003200       0xe0 CMakeFiles/test_gpio.elf.dir/home/efacec/nxp/Repositories/hww/harpoon-apps/common/freertos/FreeRTOS_tick_config.c.obj
                0x00000000c0003200                vConfigureTickInterrupt
 .text.vClearTickInterrupt
                0x00000000c00032e0       0x18 CMakeFiles/test_gpio.elf.dir/home/efacec/nxp/Repositories/hww/harpoon-apps/common/freertos/FreeRTOS_tick_config.c.obj
                0x00000000c00032e0                vClearTickInterrupt
 *fill*         0x00000000c00032f8        0x8 
 .text.vApplicationIdleHook
                0x00000000c0003300       0x64 CMakeFiles/test_gpio.elf.dir/home/efacec/nxp/Repositories/hww/harpoon-apps/common/freertos/idle.c.obj
                0x00000000c0003300                vApplicationIdleHook
 *fill*         0x00000000c0003364        0xc 
 .text.irq_register
                0x00000000c0003370      0x11c CMakeFiles/test_gpio.elf.dir/home/efacec/nxp/Repositories/hww/harpoon-apps/common/freertos/irq.c.obj
                0x00000000c0003370                irq_register
 *fill*         0x00000000c000348c        0x4 
 .text.vApplicationIRQHandler
                0x00000000c0003490       0x48 CMakeFiles/test_gpio.elf.dir/home/efacec/nxp/Repositories/hww/harpoon-apps/common/freertos/irq.c.obj
                0x00000000c0003490                vApplicationIRQHandler
 *fill*         0x00000000c00034d8        0x8 
 .text.os_printf.constprop.0
                0x00000000c00034e0       0x80 CMakeFiles/test_gpio.elf.dir/home/efacec/nxp/Repositories/hww/harpoon-apps/common/freertos/uart.c.obj
 .text.uart_irq_handler
                0x00000000c0003560       0x50 CMakeFiles/test_gpio.elf.dir/home/efacec/nxp/Repositories/hww/harpoon-apps/common/freertos/uart.c.obj
 .text.uart_task
                0x00000000c00035b0       0x70 CMakeFiles/test_gpio.elf.dir/home/efacec/nxp/Repositories/hww/harpoon-apps/common/freertos/uart.c.obj
 .text.uart_init
                0x00000000c0003620       0xe8 CMakeFiles/test_gpio.elf.dir/home/efacec/nxp/Repositories/hww/harpoon-apps/common/freertos/uart.c.obj
                0x00000000c0003620                uart_init
 *fill*         0x00000000c0003708        0x8 
 .text.jh_puts  0x00000000c0003710        0x4 CMakeFiles/test_gpio.elf.dir/home/efacec/nxp/Repositories/hww/harpoon-apps/common/freertos/core/armv8a/exception.c.obj
                0x00000000c0003710                jh_puts
 *fill*         0x00000000c0003714        0xc 
 .text.serror_handler
                0x00000000c0003720       0x58 CMakeFiles/test_gpio.elf.dir/home/efacec/nxp/Repositories/hww/harpoon-apps/common/freertos/core/armv8a/exception.c.obj
 *fill*         0x00000000c0003778        0x8 
 .text.jh_put_hex
                0x00000000c0003780        0x4 CMakeFiles/test_gpio.elf.dir/home/efacec/nxp/Repositories/hww/harpoon-apps/common/freertos/core/armv8a/exception.c.obj
                0x00000000c0003780                jh_put_hex
 *fill*         0x00000000c0003784        0xc 
 .text.jh_put_dec
                0x00000000c0003790        0x4 CMakeFiles/test_gpio.elf.dir/home/efacec/nxp/Repositories/hww/harpoon-apps/common/freertos/core/armv8a/exception.c.obj
                0x00000000c0003790                jh_put_dec
 *fill*         0x00000000c0003794        0xc 
 .text.exception_handler
                0x00000000c00037a0      0x1bc CMakeFiles/test_gpio.elf.dir/home/efacec/nxp/Repositories/hww/harpoon-apps/common/freertos/core/armv8a/exception.c.obj
                0x00000000c00037a0                exception_handler
 *fill*         0x00000000c000395c        0x4 
 .text.SystemInitHook
                0x00000000c0003960      0x820 CMakeFiles/test_gpio.elf.dir/home/efacec/nxp/Repositories/hww/harpoon-apps/common/freertos/core/armv8a/system.c.obj
                0x00000000c0003960                SystemInitHook
 .text.HAL_UartInit
                0x00000000c0004180      0x1c0 CMakeFiles/test_gpio.elf.dir/home/efacec/nxp/Repositories/hww/mcux-sdk/components/uart/fsl_adapter_iuart.c.obj
                0x00000000c0004180                HAL_UartInit
 .text.HAL_UartInstallCallback
                0x00000000c0004340       0x10 CMakeFiles/test_gpio.elf.dir/home/efacec/nxp/Repositories/hww/mcux-sdk/components/uart/fsl_adapter_iuart.c.obj
                0x00000000c0004340                HAL_UartInstallCallback
 .text.HAL_UartReceiveNonBlocking
                0x00000000c0004350       0x4c CMakeFiles/test_gpio.elf.dir/home/efacec/nxp/Repositories/hww/mcux-sdk/components/uart/fsl_adapter_iuart.c.obj
                0x00000000c0004350                HAL_UartReceiveNonBlocking
 *fill*         0x00000000c000439c        0x4 
 .text.HAL_UartSendNonBlocking
                0x00000000c00043a0       0x48 CMakeFiles/test_gpio.elf.dir/home/efacec/nxp/Repositories/hww/mcux-sdk/components/uart/fsl_adapter_iuart.c.obj
                0x00000000c00043a0                HAL_UartSendNonBlocking
 *fill*         0x00000000c00043e8        0x8 
 .text.HAL_UartAbortReceive
                0x00000000c00043f0       0x48 CMakeFiles/test_gpio.elf.dir/home/efacec/nxp/Repositories/hww/mcux-sdk/components/uart/fsl_adapter_iuart.c.obj
                0x00000000c00043f0                HAL_UartAbortReceive
 *fill*         0x00000000c0004438        0x8 
 .text.UART4_IRQHandler
                0x00000000c0004440      0x160 CMakeFiles/test_gpio.elf.dir/home/efacec/nxp/Repositories/hww/mcux-sdk/components/uart/fsl_adapter_iuart.c.obj
                0x00000000c0004440                UART4_IRQHandler
 .text.add_map.constprop.0
                0x00000000c00045a0      0x530 CMakeFiles/test_gpio.elf.dir/home/efacec/nxp/Repositories/hww/mcux-sdk/CMSIS/Core_AArch64/Source/mmu_armv8a.c.obj
 .text.ARM_MMU_Initialize
                0x00000000c0004ad0      0x214 CMakeFiles/test_gpio.elf.dir/home/efacec/nxp/Repositories/hww/mcux-sdk/CMSIS/Core_AArch64/Source/mmu_armv8a.c.obj
                0x00000000c0004ad0                ARM_MMU_Initialize
 *fill*         0x00000000c0004ce4        0xc 
 .text.UART_GetDefaultConfig
                0x00000000c0004cf0       0x40 CMakeFiles/test_gpio.elf.dir/home/efacec/nxp/Repositories/hww/mcux-sdk/drivers/iuart/fsl_uart.c.obj
                0x00000000c0004cf0                UART_GetDefaultConfig
 .text.UART_SetBaudRate
                0x00000000c0004d30      0x214 CMakeFiles/test_gpio.elf.dir/home/efacec/nxp/Repositories/hww/mcux-sdk/drivers/iuart/fsl_uart.c.obj
                0x00000000c0004d30                UART_SetBaudRate
 *fill*         0x00000000c0004f44        0xc 
 .text.UART_Init
                0x00000000c0004f50      0x194 CMakeFiles/test_gpio.elf.dir/home/efacec/nxp/Repositories/hww/mcux-sdk/drivers/iuart/fsl_uart.c.obj
                0x00000000c0004f50                UART_Init
 *fill*         0x00000000c00050e4        0xc 
 .text.UART_EnableInterrupts
                0x00000000c00050f0      0x16c CMakeFiles/test_gpio.elf.dir/home/efacec/nxp/Repositories/hww/mcux-sdk/drivers/iuart/fsl_uart.c.obj
                0x00000000c00050f0                UART_EnableInterrupts
 *fill*         0x00000000c000525c        0x4 
 .text.UART_DisableInterrupts
                0x00000000c0005260      0x184 CMakeFiles/test_gpio.elf.dir/home/efacec/nxp/Repositories/hww/mcux-sdk/drivers/iuart/fsl_uart.c.obj
                0x00000000c0005260                UART_DisableInterrupts
 *fill*         0x00000000c00053e4        0xc 
 .text.UART_GetEnabledInterrupts
                0x00000000c00053f0      0x1a0 CMakeFiles/test_gpio.elf.dir/home/efacec/nxp/Repositories/hww/mcux-sdk/drivers/iuart/fsl_uart.c.obj
                0x00000000c00053f0                UART_GetEnabledInterrupts
 .text.UART_GetStatusFlag
                0x00000000c0005590       0x14 CMakeFiles/test_gpio.elf.dir/home/efacec/nxp/Repositories/hww/mcux-sdk/drivers/iuart/fsl_uart.c.obj
                0x00000000c0005590                UART_GetStatusFlag
 *fill*         0x00000000c00055a4        0xc 
 .text.UART_ClearStatusFlag
                0x00000000c00055b0       0x18 CMakeFiles/test_gpio.elf.dir/home/efacec/nxp/Repositories/hww/mcux-sdk/drivers/iuart/fsl_uart.c.obj
                0x00000000c00055b0                UART_ClearStatusFlag
 *fill*         0x00000000c00055c8        0x8 
 .text.LIST_AddTail
                0x00000000c00055d0       0x58 CMakeFiles/test_gpio.elf.dir/home/efacec/nxp/Repositories/hww/mcux-sdk/components/lists/fsl_component_generic_list.c.obj
                0x00000000c00055d0                LIST_AddTail
 *fill*         0x00000000c0005628        0x8 
 .text.LIST_RemoveHead
                0x00000000c0005630       0x54 CMakeFiles/test_gpio.elf.dir/home/efacec/nxp/Repositories/hww/mcux-sdk/components/lists/fsl_component_generic_list.c.obj
                0x00000000c0005630                LIST_RemoveHead
 *fill*         0x00000000c0005684        0xc 
 .text.LIST_GetHead
                0x00000000c0005690        0x8 CMakeFiles/test_gpio.elf.dir/home/efacec/nxp/Repositories/hww/mcux-sdk/components/lists/fsl_component_generic_list.c.obj
                0x00000000c0005690                LIST_GetHead
 *fill*         0x00000000c0005698        0x8 
 .text.SerialManager_Task.part.0
                0x00000000c00056a0      0x13c CMakeFiles/test_gpio.elf.dir/home/efacec/nxp/Repositories/hww/mcux-sdk/components/serial_manager/fsl_component_serial_manager.c.obj
 *fill*         0x00000000c00057dc        0x4 
 .text.SerialManager_RxCallback
                0x00000000c00057e0      0x2d8 CMakeFiles/test_gpio.elf.dir/home/efacec/nxp/Repositories/hww/mcux-sdk/components/serial_manager/fsl_component_serial_manager.c.obj
                0x00000000c00057e0                SerialManager_RxCallback
 *fill*         0x00000000c0005ab8        0x8 
 .text.SerialManager_TxCallback
                0x00000000c0005ac0      0x12c CMakeFiles/test_gpio.elf.dir/home/efacec/nxp/Repositories/hww/mcux-sdk/components/serial_manager/fsl_component_serial_manager.c.obj
 *fill*         0x00000000c0005bec        0x4 
 .text.SerialManager_Init
                0x00000000c0005bf0       0xc0 CMakeFiles/test_gpio.elf.dir/home/efacec/nxp/Repositories/hww/mcux-sdk/components/serial_manager/fsl_component_serial_manager.c.obj
                0x00000000c0005bf0                SerialManager_Init
 .text.SerialManager_OpenWriteHandle
                0x00000000c0005cb0       0x84 CMakeFiles/test_gpio.elf.dir/home/efacec/nxp/Repositories/hww/mcux-sdk/components/serial_manager/fsl_component_serial_manager.c.obj
                0x00000000c0005cb0                SerialManager_OpenWriteHandle
 *fill*         0x00000000c0005d34        0xc 
 .text.SerialManager_WriteNonBlocking
                0x00000000c0005d40      0x144 CMakeFiles/test_gpio.elf.dir/home/efacec/nxp/Repositories/hww/mcux-sdk/components/serial_manager/fsl_component_serial_manager.c.obj
                0x00000000c0005d40                SerialManager_WriteNonBlocking
 *fill*         0x00000000c0005e84        0xc 
 .text.SerialManager_InstallTxCallback
                0x00000000c0005e90       0x10 CMakeFiles/test_gpio.elf.dir/home/efacec/nxp/Repositories/hww/mcux-sdk/components/serial_manager/fsl_component_serial_manager.c.obj
                0x00000000c0005e90                SerialManager_InstallTxCallback
 .text.Serial_UartCallback
                0x00000000c0005ea0       0xac CMakeFiles/test_gpio.elf.dir/home/efacec/nxp/Repositories/hww/mcux-sdk/components/serial_manager/fsl_component_serial_port_uart.c.obj
 *fill*         0x00000000c0005f4c        0x4 
 .text.Serial_UartInit
                0x00000000c0005f50       0x78 CMakeFiles/test_gpio.elf.dir/home/efacec/nxp/Repositories/hww/mcux-sdk/components/serial_manager/fsl_component_serial_port_uart.c.obj
                0x00000000c0005f50                Serial_UartInit
 *fill*         0x00000000c0005fc8        0x8 
 .text.Serial_UartWrite
                0x00000000c0005fd0       0x40 CMakeFiles/test_gpio.elf.dir/home/efacec/nxp/Repositories/hww/mcux-sdk/components/serial_manager/fsl_component_serial_port_uart.c.obj
                0x00000000c0005fd0                Serial_UartWrite
 .text.Serial_UartRead
                0x00000000c0006010       0x58 CMakeFiles/test_gpio.elf.dir/home/efacec/nxp/Repositories/hww/mcux-sdk/components/serial_manager/fsl_component_serial_port_uart.c.obj
                0x00000000c0006010                Serial_UartRead
 *fill*         0x00000000c0006068        0x8 
 .text.Serial_UartInstallTxCallback
                0x00000000c0006070       0x10 CMakeFiles/test_gpio.elf.dir/home/efacec/nxp/Repositories/hww/mcux-sdk/components/serial_manager/fsl_component_serial_port_uart.c.obj
                0x00000000c0006070                Serial_UartInstallTxCallback
 .text.Serial_UartInstallRxCallback
                0x00000000c0006080       0x10 CMakeFiles/test_gpio.elf.dir/home/efacec/nxp/Repositories/hww/mcux-sdk/components/serial_manager/fsl_component_serial_port_uart.c.obj
                0x00000000c0006080                Serial_UartInstallRxCallback
 .text.CLOCK_GetCoreM7Freq
                0x00000000c0006090      0x320 CMakeFiles/test_gpio.elf.dir/home/efacec/nxp/Repositories/hww/mcux-sdk/devices/MIMX8ML8/drivers/fsl_clock.c.obj
                0x00000000c0006090                CLOCK_GetCoreM7Freq
 .text.CLOCK_GetAxiFreq
                0x00000000c00063b0      0x320 CMakeFiles/test_gpio.elf.dir/home/efacec/nxp/Repositories/hww/mcux-sdk/devices/MIMX8ML8/drivers/fsl_clock.c.obj
                0x00000000c00063b0                CLOCK_GetAxiFreq
 .text.CLOCK_GetAhbFreq
                0x00000000c00066d0      0x320 CMakeFiles/test_gpio.elf.dir/home/efacec/nxp/Repositories/hww/mcux-sdk/devices/MIMX8ML8/drivers/fsl_clock.c.obj
                0x00000000c00066d0                CLOCK_GetAhbFreq
 .text.CLOCK_GetEnetAxiFreq
                0x00000000c00069f0      0x32c CMakeFiles/test_gpio.elf.dir/home/efacec/nxp/Repositories/hww/mcux-sdk/devices/MIMX8ML8/drivers/fsl_clock.c.obj
                0x00000000c00069f0                CLOCK_GetEnetAxiFreq
 *fill*         0x00000000c0006d1c        0x4 
 .text.CLOCK_GetClockRootFreq
                0x00000000c0006d20      0x8f4 CMakeFiles/test_gpio.elf.dir/home/efacec/nxp/Repositories/hww/mcux-sdk/devices/MIMX8ML8/drivers/fsl_clock.c.obj
                0x00000000c0006d20                CLOCK_GetClockRootFreq
 *fill*         0x00000000c0007614        0xc 
 .text.pvPortMalloc
                0x00000000c0007620      0x250 CMakeFiles/test_gpio.elf.dir/home/efacec/nxp/Repositories/hww/FreeRTOS-Kernel/portable/MemMang/heap_4.c.obj
                0x00000000c0007620                pvPortMalloc
 .text.vPortFree
                0x00000000c0007870      0x138 CMakeFiles/test_gpio.elf.dir/home/efacec/nxp/Repositories/hww/FreeRTOS-Kernel/portable/MemMang/heap_4.c.obj
                0x00000000c0007870                vPortFree
 *fill*         0x00000000c00079a8        0x8 
 .text.vListInitialise
                0x00000000c00079b0       0x1c CMakeFiles/test_gpio.elf.dir/home/efacec/nxp/Repositories/hww/FreeRTOS-Kernel/list.c.obj
                0x00000000c00079b0                vListInitialise
 *fill*         0x00000000c00079cc        0x4 
 .text.vListInitialiseItem
                0x00000000c00079d0        0x8 CMakeFiles/test_gpio.elf.dir/home/efacec/nxp/Repositories/hww/FreeRTOS-Kernel/list.c.obj
                0x00000000c00079d0                vListInitialiseItem
 *fill*         0x00000000c00079d8        0x8 
 .text.vListInsert
                0x00000000c00079e0       0x54 CMakeFiles/test_gpio.elf.dir/home/efacec/nxp/Repositories/hww/FreeRTOS-Kernel/list.c.obj
                0x00000000c00079e0                vListInsert
 *fill*         0x00000000c0007a34        0xc 
 .text.uxListRemove
                0x00000000c0007a40       0x50 CMakeFiles/test_gpio.elf.dir/home/efacec/nxp/Repositories/hww/FreeRTOS-Kernel/list.c.obj
                0x00000000c0007a40                uxListRemove
 .text.pxPortInitialiseStack
                0x00000000c0007a90      0x158 CMakeFiles/test_gpio.elf.dir/home/efacec/nxp/Repositories/hww/FreeRTOS-Kernel/portable/GCC/AARCH64_SRE/port.c.obj
                0x00000000c0007a90                pxPortInitialiseStack
 *fill*         0x00000000c0007be8        0x8 
 .text.xPortStartScheduler
                0x00000000c0007bf0       0x54 CMakeFiles/test_gpio.elf.dir/home/efacec/nxp/Repositories/hww/FreeRTOS-Kernel/portable/GCC/AARCH64_SRE/port.c.obj
                0x00000000c0007bf0                xPortStartScheduler
 *fill*         0x00000000c0007c44        0xc 
 .text.vPortEnterCritical
                0x00000000c0007c50       0x70 CMakeFiles/test_gpio.elf.dir/home/efacec/nxp/Repositories/hww/FreeRTOS-Kernel/portable/GCC/AARCH64_SRE/port.c.obj
                0x00000000c0007c50                vPortEnterCritical
 .text.vPortExitCritical
                0x00000000c0007cc0       0x4c CMakeFiles/test_gpio.elf.dir/home/efacec/nxp/Repositories/hww/FreeRTOS-Kernel/portable/GCC/AARCH64_SRE/port.c.obj
                0x00000000c0007cc0                vPortExitCritical
 *fill*         0x00000000c0007d0c        0x4 
 .text.FreeRTOS_Tick_Handler
                0x00000000c0007d10       0xa4 CMakeFiles/test_gpio.elf.dir/home/efacec/nxp/Repositories/hww/FreeRTOS-Kernel/portable/GCC/AARCH64_SRE/port.c.obj
                0x00000000c0007d10                FreeRTOS_Tick_Handler
 *fill*         0x00000000c0007db4        0xc 
 .text.vPortClearInterruptMask
                0x00000000c0007dc0       0x30 CMakeFiles/test_gpio.elf.dir/home/efacec/nxp/Repositories/hww/FreeRTOS-Kernel/portable/GCC/AARCH64_SRE/port.c.obj
                0x00000000c0007dc0                vPortClearInterruptMask
 .text.uxPortSetInterruptMask
                0x00000000c0007df0       0x40 CMakeFiles/test_gpio.elf.dir/home/efacec/nxp/Repositories/hww/FreeRTOS-Kernel/portable/GCC/AARCH64_SRE/port.c.obj
                0x00000000c0007df0                uxPortSetInterruptMask
 .text.vPortValidateInterruptPriority
                0x00000000c0007e30       0x20 CMakeFiles/test_gpio.elf.dir/home/efacec/nxp/Repositories/hww/FreeRTOS-Kernel/portable/GCC/AARCH64_SRE/port.c.obj
                0x00000000c0007e30                vPortValidateInterruptPriority
 .text.xQueueGenericCreateStatic
                0x00000000c0007e50      0x144 CMakeFiles/test_gpio.elf.dir/home/efacec/nxp/Repositories/hww/FreeRTOS-Kernel/queue.c.obj
                0x00000000c0007e50                xQueueGenericCreateStatic
 *fill*         0x00000000c0007f94        0xc 
 .text.xQueueReceive
                0x00000000c0007fa0      0x3ec CMakeFiles/test_gpio.elf.dir/home/efacec/nxp/Repositories/hww/FreeRTOS-Kernel/queue.c.obj
                0x00000000c0007fa0                xQueueReceive
 *fill*         0x00000000c000838c        0x4 
 .text.vQueueAddToRegistry
                0x00000000c0008390      0x1d8 CMakeFiles/test_gpio.elf.dir/home/efacec/nxp/Repositories/hww/FreeRTOS-Kernel/queue.c.obj
                0x00000000c0008390                vQueueAddToRegistry
 *fill*         0x00000000c0008568        0x8 
 .text.vQueueWaitForMessageRestricted
                0x00000000c0008570      0x134 CMakeFiles/test_gpio.elf.dir/home/efacec/nxp/Repositories/hww/FreeRTOS-Kernel/queue.c.obj
                0x00000000c0008570                vQueueWaitForMessageRestricted
 *fill*         0x00000000c00086a4        0xc 
 .text.prvAddNewTaskToReadyList
                0x00000000c00086b0      0x1b8 CMakeFiles/test_gpio.elf.dir/home/efacec/nxp/Repositories/hww/FreeRTOS-Kernel/tasks.c.obj
 *fill*         0x00000000c0008868        0x8 
 .text.prvAddCurrentTaskToDelayedList
                0x00000000c0008870      0x128 CMakeFiles/test_gpio.elf.dir/home/efacec/nxp/Repositories/hww/FreeRTOS-Kernel/tasks.c.obj
 *fill*         0x00000000c0008998        0x8 
 .text.prvInitialiseNewTask.constprop.0
                0x00000000c00089a0      0x108 CMakeFiles/test_gpio.elf.dir/home/efacec/nxp/Repositories/hww/FreeRTOS-Kernel/tasks.c.obj
 *fill*         0x00000000c0008aa8        0x8 
 .text.prvIdleTask
                0x00000000c0008ab0       0xdc CMakeFiles/test_gpio.elf.dir/home/efacec/nxp/Repositories/hww/FreeRTOS-Kernel/tasks.c.obj
 *fill*         0x00000000c0008b8c        0x4 
 .text.xTaskIncrementTick.part.0
                0x00000000c0008b90      0x240 CMakeFiles/test_gpio.elf.dir/home/efacec/nxp/Repositories/hww/FreeRTOS-Kernel/tasks.c.obj
 .text.xTaskCreateStatic
                0x00000000c0008dd0      0x124 CMakeFiles/test_gpio.elf.dir/home/efacec/nxp/Repositories/hww/FreeRTOS-Kernel/tasks.c.obj
                0x00000000c0008dd0                xTaskCreateStatic
 *fill*         0x00000000c0008ef4        0xc 
 .text.xTaskCreate
                0x00000000c0008f00       0xe4 CMakeFiles/test_gpio.elf.dir/home/efacec/nxp/Repositories/hww/FreeRTOS-Kernel/tasks.c.obj
                0x00000000c0008f00                xTaskCreate
 *fill*         0x00000000c0008fe4        0xc 
 .text.vTaskStartScheduler
                0x00000000c0008ff0      0x218 CMakeFiles/test_gpio.elf.dir/home/efacec/nxp/Repositories/hww/FreeRTOS-Kernel/tasks.c.obj
                0x00000000c0008ff0                vTaskStartScheduler
 *fill*         0x00000000c0009208        0x8 
 .text.vTaskSuspendAll
                0x00000000c0009210       0x14 CMakeFiles/test_gpio.elf.dir/home/efacec/nxp/Repositories/hww/FreeRTOS-Kernel/tasks.c.obj
                0x00000000c0009210                vTaskSuspendAll
 *fill*         0x00000000c0009224        0xc 
 .text.xTaskResumeAll
                0x00000000c0009230      0x240 CMakeFiles/test_gpio.elf.dir/home/efacec/nxp/Repositories/hww/FreeRTOS-Kernel/tasks.c.obj
                0x00000000c0009230                xTaskResumeAll
 .text.vTaskDelay
                0x00000000c0009470       0xf4 CMakeFiles/test_gpio.elf.dir/home/efacec/nxp/Repositories/hww/FreeRTOS-Kernel/tasks.c.obj
                0x00000000c0009470                vTaskDelay
 *fill*         0x00000000c0009564        0xc 
 .text.xTaskGetTickCount
                0x00000000c0009570        0xc CMakeFiles/test_gpio.elf.dir/home/efacec/nxp/Repositories/hww/FreeRTOS-Kernel/tasks.c.obj
                0x00000000c0009570                xTaskGetTickCount
 *fill*         0x00000000c000957c        0x4 
 .text.xTaskIncrementTick
                0x00000000c0009580       0x28 CMakeFiles/test_gpio.elf.dir/home/efacec/nxp/Repositories/hww/FreeRTOS-Kernel/tasks.c.obj
                0x00000000c0009580                xTaskIncrementTick
 *fill*         0x00000000c00095a8        0x8 
 .text.vTaskSwitchContext
                0x00000000c00095b0      0x130 CMakeFiles/test_gpio.elf.dir/home/efacec/nxp/Repositories/hww/FreeRTOS-Kernel/tasks.c.obj
                0x00000000c00095b0                vTaskSwitchContext
 .text.vTaskPlaceOnEventList
                0x00000000c00096e0      0x14c CMakeFiles/test_gpio.elf.dir/home/efacec/nxp/Repositories/hww/FreeRTOS-Kernel/tasks.c.obj
                0x00000000c00096e0                vTaskPlaceOnEventList
 *fill*         0x00000000c000982c        0x4 
 .text.vTaskPlaceOnEventListRestricted
                0x00000000c0009830      0x1c0 CMakeFiles/test_gpio.elf.dir/home/efacec/nxp/Repositories/hww/FreeRTOS-Kernel/tasks.c.obj
                0x00000000c0009830                vTaskPlaceOnEventListRestricted
 .text.xTaskRemoveFromEventList
                0x00000000c00099f0      0x168 CMakeFiles/test_gpio.elf.dir/home/efacec/nxp/Repositories/hww/FreeRTOS-Kernel/tasks.c.obj
                0x00000000c00099f0                xTaskRemoveFromEventList
 *fill*         0x00000000c0009b58        0x8 
 .text.vTaskInternalSetTimeOutState
                0x00000000c0009b60       0x18 CMakeFiles/test_gpio.elf.dir/home/efacec/nxp/Repositories/hww/FreeRTOS-Kernel/tasks.c.obj
                0x00000000c0009b60                vTaskInternalSetTimeOutState
 *fill*         0x00000000c0009b78        0x8 
 .text.xTaskCheckForTimeOut
                0x00000000c0009b80       0xdc CMakeFiles/test_gpio.elf.dir/home/efacec/nxp/Repositories/hww/FreeRTOS-Kernel/tasks.c.obj
                0x00000000c0009b80                xTaskCheckForTimeOut
 *fill*         0x00000000c0009c5c        0x4 
 .text.vTaskMissedYield
                0x00000000c0009c60       0x10 CMakeFiles/test_gpio.elf.dir/home/efacec/nxp/Repositories/hww/FreeRTOS-Kernel/tasks.c.obj
                0x00000000c0009c60                vTaskMissedYield
 .text.xTaskGetSchedulerState
                0x00000000c0009c70       0x28 CMakeFiles/test_gpio.elf.dir/home/efacec/nxp/Repositories/hww/FreeRTOS-Kernel/tasks.c.obj
                0x00000000c0009c70                xTaskGetSchedulerState
 *fill*         0x00000000c0009c98        0x8 
 .text.xTaskGenericNotifyWait
                0x00000000c0009ca0      0x118 CMakeFiles/test_gpio.elf.dir/home/efacec/nxp/Repositories/hww/FreeRTOS-Kernel/tasks.c.obj
                0x00000000c0009ca0                xTaskGenericNotifyWait
 *fill*         0x00000000c0009db8        0x8 
 .text.vTaskGenericNotifyGiveFromISR
                0x00000000c0009dc0      0x1c0 CMakeFiles/test_gpio.elf.dir/home/efacec/nxp/Repositories/hww/FreeRTOS-Kernel/tasks.c.obj
                0x00000000c0009dc0                vTaskGenericNotifyGiveFromISR
 .text.prvTimerTask
                0x00000000c0009f80      0x520 CMakeFiles/test_gpio.elf.dir/home/efacec/nxp/Repositories/hww/FreeRTOS-Kernel/timers.c.obj
 .text.xTimerCreateTimerTask
                0x00000000c000a4a0      0x114 CMakeFiles/test_gpio.elf.dir/home/efacec/nxp/Repositories/hww/FreeRTOS-Kernel/timers.c.obj
                0x00000000c000a4a0                xTimerCreateTimerTask
 *fill*         0x00000000c000a5b4        0xc 
 .text.PrintOutputdifFobpu
                0x00000000c000a5c0      0x14c CMakeFiles/test_gpio.elf.dir/home/efacec/nxp/Repositories/hww/mcux-sdk/utilities/debug_console/str/fsl_str.c.obj
 *fill*         0x00000000c000a70c        0x4 
 .text.StrFormatPrintf
                0x00000000c000a710      0xe7c CMakeFiles/test_gpio.elf.dir/home/efacec/nxp/Repositories/hww/mcux-sdk/utilities/debug_console/str/fsl_str.c.obj
                0x00000000c000a710                StrFormatPrintf
 *fill*         0x00000000c000b58c        0x4 
 .text.DbgConsole_SerialManagerTx2Callback
                0x00000000c000b590       0x34 CMakeFiles/test_gpio.elf.dir/home/efacec/nxp/Repositories/hww/mcux-sdk/utilities/debug_console/debug_console/fsl_debug_console.c.obj
 *fill*         0x00000000c000b5c4        0xc 
 .text.DbgConsole_SerialManagerTxCallback
                0x00000000c000b5d0      0x10c CMakeFiles/test_gpio.elf.dir/home/efacec/nxp/Repositories/hww/mcux-sdk/utilities/debug_console/debug_console/fsl_debug_console.c.obj
 *fill*         0x00000000c000b6dc        0x4 
 .text.DbgConsole_SendData
                0x00000000c000b6e0      0x1a8 CMakeFiles/test_gpio.elf.dir/home/efacec/nxp/Repositories/hww/mcux-sdk/utilities/debug_console/debug_console/fsl_debug_console.c.obj
                0x00000000c000b6e0                DbgConsole_SendData
 *fill*         0x00000000c000b888        0x8 
 .text.DbgConsole_PrintCallback
                0x00000000c000b890       0xa0 CMakeFiles/test_gpio.elf.dir/home/efacec/nxp/Repositories/hww/mcux-sdk/utilities/debug_console/debug_console/fsl_debug_console.c.obj
 .text.DbgConsole_Init
                0x00000000c000b930      0x104 CMakeFiles/test_gpio.elf.dir/home/efacec/nxp/Repositories/hww/mcux-sdk/utilities/debug_console/debug_console/fsl_debug_console.c.obj
                0x00000000c000b930                DbgConsole_Init
 *fill*         0x00000000c000ba34        0xc 
 .text.DbgConsole_Printf
                0x00000000c000ba40       0xfc CMakeFiles/test_gpio.elf.dir/home/efacec/nxp/Repositories/hww/mcux-sdk/utilities/debug_console/debug_console/fsl_debug_console.c.obj
                0x00000000c000ba40                DbgConsole_Printf
 *fill*         0x00000000c000bb3c        0x4 
 .text.DbgConsole_Vprintf
                0x00000000c000bb40       0x9c CMakeFiles/test_gpio.elf.dir/home/efacec/nxp/Repositories/hww/mcux-sdk/utilities/debug_console/debug_console/fsl_debug_console.c.obj
                0x00000000c000bb40                DbgConsole_Vprintf
 *fill*         0x00000000c000bbdc        0x4 
 .text.pow      0x00000000c000bbe0      0x44c /opt/gcc-arm-10.3-2021.07-x86_64-aarch64-none-elf/bin/../lib/gcc/aarch64-none-elf/10.3.1/../../../../aarch64-none-elf/lib/libm.a(lib_a-pow.o)
                0x00000000c000bbe0                pow
 *fill*         0x00000000c000c02c        0x4 
 .text.modf     0x00000000c000c030      0x11c /opt/gcc-arm-10.3-2021.07-x86_64-aarch64-none-elf/bin/../lib/gcc/aarch64-none-elf/10.3.1/../../../../aarch64-none-elf/lib/libm.a(lib_a-s_modf.o)
                0x00000000c000c030                modf
 *fill*         0x00000000c000c14c        0x4 
 .text.with_errno
                0x00000000c000c150       0x34 /opt/gcc-arm-10.3-2021.07-x86_64-aarch64-none-elf/bin/../lib/gcc/aarch64-none-elf/10.3.1/../../../../aarch64-none-elf/lib/libm.a(lib_a-math_err.o)
 *fill*         0x00000000c000c184        0xc 
 .text.xflow    0x00000000c000c190       0x18 /opt/gcc-arm-10.3-2021.07-x86_64-aarch64-none-elf/bin/../lib/gcc/aarch64-none-elf/10.3.1/../../../../aarch64-none-elf/lib/libm.a(lib_a-math_err.o)
 *fill*         0x00000000c000c1a8        0x8 
 .text.__math_uflow
                0x00000000c000c1b0        0xc /opt/gcc-arm-10.3-2021.07-x86_64-aarch64-none-elf/bin/../lib/gcc/aarch64-none-elf/10.3.1/../../../../aarch64-none-elf/lib/libm.a(lib_a-math_err.o)
                0x00000000c000c1b0                __math_uflow
 *fill*         0x00000000c000c1bc        0x4 
 .text.__math_oflow
                0x00000000c000c1c0        0xc /opt/gcc-arm-10.3-2021.07-x86_64-aarch64-none-elf/bin/../lib/gcc/aarch64-none-elf/10.3.1/../../../../aarch64-none-elf/lib/libm.a(lib_a-math_err.o)
                0x00000000c000c1c0                __math_oflow
 *fill*         0x00000000c000c1cc        0x4 
 .text.__math_divzero
                0x00000000c000c1d0       0x20 /opt/gcc-arm-10.3-2021.07-x86_64-aarch64-none-elf/bin/../lib/gcc/aarch64-none-elf/10.3.1/../../../../aarch64-none-elf/lib/libm.a(lib_a-math_err.o)
                0x00000000c000c1d0                __math_divzero
 .text.__math_invalid
                0x00000000c000c1f0       0x1c /opt/gcc-arm-10.3-2021.07-x86_64-aarch64-none-elf/bin/../lib/gcc/aarch64-none-elf/10.3.1/../../../../aarch64-none-elf/lib/libm.a(lib_a-math_err.o)
                0x00000000c000c1f0                __math_invalid
 *fill*         0x00000000c000c20c        0x4 
 .text.__math_check_uflow
                0x00000000c000c210       0x14 /opt/gcc-arm-10.3-2021.07-x86_64-aarch64-none-elf/bin/../lib/gcc/aarch64-none-elf/10.3.1/../../../../aarch64-none-elf/lib/libm.a(lib_a-math_err.o)
                0x00000000c000c210                __math_check_uflow
 *fill*         0x00000000c000c224        0xc 
 .text.__math_check_oflow
                0x00000000c000c230       0x20 /opt/gcc-arm-10.3-2021.07-x86_64-aarch64-none-elf/bin/../lib/gcc/aarch64-none-elf/10.3.1/../../../../aarch64-none-elf/lib/libm.a(lib_a-math_err.o)
                0x00000000c000c230                __math_check_oflow
 .text.__fpclassifyd
                0x00000000c000c250       0x64 /opt/gcc-arm-10.3-2021.07-x86_64-aarch64-none-elf/bin/../lib/gcc/aarch64-none-elf/10.3.1/../../../../aarch64-none-elf/lib/libm.a(lib_a-s_fpclassify.o)
                0x00000000c000c250                __fpclassifyd
 *fill*         0x00000000c000c2b4        0xc 
 .text.__errno  0x00000000c000c2c0        0xc /opt/gcc-arm-10.3-2021.07-x86_64-aarch64-none-elf/bin/../lib/gcc/aarch64-none-elf/10.3.1/../../../../aarch64-none-elf/lib/libc.a(lib_a-errno.o)
                0x00000000c000c2c0                __errno
 *(.rodata)
 *(.rodata*)
 *fill*         0x00000000c000c2cc        0x4 
 .rodata.cst8   0x00000000c000c2d0       0x20 /opt/gcc-arm-10.3-2021.07-x86_64-aarch64-none-elf/bin/../lib/gcc/aarch64-none-elf/10.3.1/crtbegin.o
 .rodata.os_printf.constprop.0.str1.8
                0x00000000c000c2f0        0x3 CMakeFiles/test_gpio.elf.dir/home/efacec/nxp/Repositories/hww/harpoon-apps/test_gpio/freertos/main.c.obj
 *fill*         0x00000000c000c2f3        0x5 
 .rodata.os_printf.constprop.1.str1.8
                0x00000000c000c2f8        0x6 CMakeFiles/test_gpio.elf.dir/home/efacec/nxp/Repositories/hww/harpoon-apps/test_gpio/freertos/main.c.obj
 *fill*         0x00000000c000c2fe        0x2 
 .rodata.os_printf.constprop.2.str1.8
                0x00000000c000c300        0x6 CMakeFiles/test_gpio.elf.dir/home/efacec/nxp/Repositories/hww/harpoon-apps/test_gpio/freertos/main.c.obj
 *fill*         0x00000000c000c306        0x2 
 .rodata.tictac_func.str1.8
                0x00000000c000c308        0x8 CMakeFiles/test_gpio.elf.dir/home/efacec/nxp/Repositories/hww/harpoon-apps/test_gpio/freertos/main.c.obj
 .rodata.main.str1.8
                0x00000000c000c310        0xc CMakeFiles/test_gpio.elf.dir/home/efacec/nxp/Repositories/hww/harpoon-apps/test_gpio/freertos/main.c.obj
 *fill*         0x00000000c000c31c        0x4 
 .rodata.str1.8
                0x00000000c000c320       0x85 CMakeFiles/test_gpio.elf.dir/home/efacec/nxp/Repositories/hww/harpoon-apps/common/freertos/boards/evkmimx8mp/mmu.c.obj
 *fill*         0x00000000c000c3a5        0x3 
 .rodata.MMU_config
                0x00000000c000c3a8       0x20 CMakeFiles/test_gpio.elf.dir/home/efacec/nxp/Repositories/hww/harpoon-apps/common/freertos/boards/evkmimx8mp/mmu.c.obj
 .rodata.mmu_os_ranges
                0x00000000c000c3c8      0x100 CMakeFiles/test_gpio.elf.dir/home/efacec/nxp/Repositories/hww/harpoon-apps/common/freertos/boards/evkmimx8mp/mmu.c.obj
 .rodata.mmu_regions
                0x00000000c000c4c8      0x118 CMakeFiles/test_gpio.elf.dir/home/efacec/nxp/Repositories/hww/harpoon-apps/common/freertos/boards/evkmimx8mp/mmu.c.obj
 .rodata.vMainAssertCalled.str1.8
                0x00000000c000c5e0       0x1f CMakeFiles/test_gpio.elf.dir/home/efacec/nxp/Repositories/hww/harpoon-apps/common/freertos/FreeRTOS_helper.c.obj
 *fill*         0x00000000c000c5ff        0x1 
 .rodata.vApplicationStackOverflowHook.str1.8
                0x00000000c000c600       0x1a CMakeFiles/test_gpio.elf.dir/home/efacec/nxp/Repositories/hww/harpoon-apps/common/freertos/FreeRTOS_helper.c.obj
 *fill*         0x00000000c000c61a        0x6 
 .rodata.os_printf.constprop.0.str1.8
                0x00000000c000c620       0x3e CMakeFiles/test_gpio.elf.dir/home/efacec/nxp/Repositories/hww/harpoon-apps/common/freertos/uart.c.obj
 *fill*         0x00000000c000c65e        0x2 
 .rodata.uart_init.str1.8
                0x00000000c000c660       0x56 CMakeFiles/test_gpio.elf.dir/home/efacec/nxp/Repositories/hww/harpoon-apps/common/freertos/uart.c.obj
 *fill*         0x00000000c000c6b6        0x2 
 .rodata.__func__.0
                0x00000000c000c6b8        0xe CMakeFiles/test_gpio.elf.dir/home/efacec/nxp/Repositories/hww/harpoon-apps/common/freertos/uart.c.obj
 *fill*         0x00000000c000c6c6        0x2 
 .rodata.serror_handler.str1.8
                0x00000000c000c6c8        0xa CMakeFiles/test_gpio.elf.dir/home/efacec/nxp/Repositories/hww/harpoon-apps/common/freertos/core/armv8a/exception.c.obj
 *fill*         0x00000000c000c6d2        0x6 
 .rodata.exception_handler.str1.8
                0x00000000c000c6d8       0x72 CMakeFiles/test_gpio.elf.dir/home/efacec/nxp/Repositories/hww/harpoon-apps/common/freertos/core/armv8a/exception.c.obj
 *fill*         0x00000000c000c74a        0x6 
 .rodata.str1.8
                0x00000000c000c750      0x1e5 CMakeFiles/test_gpio.elf.dir/home/efacec/nxp/Repositories/hww/harpoon-apps/common/freertos/core/armv8a/exception.c.obj
                                        0x1ed (size before relaxing)
 *fill*         0x00000000c000c935        0x3 
 .rodata.ec_handler
                0x00000000c000c938      0x3f0 CMakeFiles/test_gpio.elf.dir/home/efacec/nxp/Repositories/hww/harpoon-apps/common/freertos/core/armv8a/exception.c.obj
 *fill*         0x00000000c000cd28        0x8 
 .rodata.exception_from
                0x00000000c000cd30       0x20 CMakeFiles/test_gpio.elf.dir/home/efacec/nxp/Repositories/hww/harpoon-apps/common/freertos/core/armv8a/exception.c.obj
 .rodata.exception_type
                0x00000000c000cd50       0x20 CMakeFiles/test_gpio.elf.dir/home/efacec/nxp/Repositories/hww/harpoon-apps/common/freertos/core/armv8a/exception.c.obj
 .rodata.serror_str
                0x00000000c000cd70       0x30 CMakeFiles/test_gpio.elf.dir/home/efacec/nxp/Repositories/hww/harpoon-apps/common/freertos/core/armv8a/exception.c.obj
 .rodata.s_UartAdapterBase
                0x00000000c000cda0       0x28 CMakeFiles/test_gpio.elf.dir/home/efacec/nxp/Repositories/hww/mcux-sdk/components/uart/fsl_adapter_iuart.c.obj
 *fill*         0x00000000c000cdc8        0x8 
 .rodata.s_UartIRQ
                0x00000000c000cdd0       0x14 CMakeFiles/test_gpio.elf.dir/home/efacec/nxp/Repositories/hww/mcux-sdk/components/uart/fsl_adapter_iuart.c.obj
 *fill*         0x00000000c000cde4        0xc 
 .rodata.cst16  0x00000000c000cdf0       0x10 CMakeFiles/test_gpio.elf.dir/home/efacec/nxp/Repositories/hww/mcux-sdk/CMSIS/Core_AArch64/Source/mmu_armv8a.c.obj
 .rodata.cst16  0x00000000c000ce00       0x10 CMakeFiles/test_gpio.elf.dir/home/efacec/nxp/Repositories/hww/mcux-sdk/drivers/iuart/fsl_uart.c.obj
 .rodata.CSWTCH.48
                0x00000000c000ce10       0x18 CMakeFiles/test_gpio.elf.dir/home/efacec/nxp/Repositories/hww/mcux-sdk/drivers/iuart/fsl_uart.c.obj
 .rodata.CLOCK_GetClockRootFreq
                0x00000000c000ce28       0x40 CMakeFiles/test_gpio.elf.dir/home/efacec/nxp/Repositories/hww/mcux-sdk/devices/MIMX8ML8/drivers/fsl_clock.c.obj
 *fill*         0x00000000c000ce68        0x8 
 .rodata.clockRootControlArray.1
                0x00000000c000ce70       0xec CMakeFiles/test_gpio.elf.dir/home/efacec/nxp/Repositories/hww/mcux-sdk/devices/MIMX8ML8/drivers/fsl_clock.c.obj
 *fill*         0x00000000c000cf5c        0x4 
 .rodata.clockRootSourceArray.0
                0x00000000c000cf60      0x760 CMakeFiles/test_gpio.elf.dir/home/efacec/nxp/Repositories/hww/mcux-sdk/devices/MIMX8ML8/drivers/fsl_clock.c.obj
 .rodata.pvPortMalloc.str1.8
                0x00000000c000d6c0       0x4c CMakeFiles/test_gpio.elf.dir/home/efacec/nxp/Repositories/hww/FreeRTOS-Kernel/portable/MemMang/heap_4.c.obj
 *fill*         0x00000000c000d70c        0x4 
 .rodata.xPortStartScheduler.str1.8
                0x00000000c000d710       0x52 CMakeFiles/test_gpio.elf.dir/home/efacec/nxp/Repositories/hww/FreeRTOS-Kernel/portable/GCC/AARCH64_SRE/port.c.obj
 *fill*         0x00000000c000d762        0x6 
 .rodata.ullMaxAPIPriorityMask
                0x00000000c000d768        0x8 CMakeFiles/test_gpio.elf.dir/home/efacec/nxp/Repositories/hww/FreeRTOS-Kernel/portable/GCC/AARCH64_SRE/port.c.obj
                0x00000000c000d768                ullMaxAPIPriorityMask
 .rodata.xQueueGenericReset.str1.8
                0x00000000c000d770       0x3a CMakeFiles/test_gpio.elf.dir/home/efacec/nxp/Repositories/hww/FreeRTOS-Kernel/queue.c.obj
 *fill*         0x00000000c000d7aa        0x6 
 .rodata.prvInitialiseNewTask.constprop.0.str1.8
                0x00000000c000d7b0       0x3a CMakeFiles/test_gpio.elf.dir/home/efacec/nxp/Repositories/hww/FreeRTOS-Kernel/tasks.c.obj
 *fill*         0x00000000c000d7ea        0x6 
 .rodata.vTaskStartScheduler.str1.8
                0x00000000c000d7f0        0x5 CMakeFiles/test_gpio.elf.dir/home/efacec/nxp/Repositories/hww/FreeRTOS-Kernel/tasks.c.obj
 *fill*         0x00000000c000d7f5        0x3 
 .rodata.prvTimerTask.str1.8
                0x00000000c000d7f8       0x3b CMakeFiles/test_gpio.elf.dir/home/efacec/nxp/Repositories/hww/FreeRTOS-Kernel/timers.c.obj
 *fill*         0x00000000c000d833        0x5 
 .rodata.xTimerCreateTimerTask.str1.8
                0x00000000c000d838       0x10 CMakeFiles/test_gpio.elf.dir/home/efacec/nxp/Repositories/hww/FreeRTOS-Kernel/timers.c.obj
 .rodata.__exp_data
                0x00000000c000d848      0x870 /opt/gcc-arm-10.3-2021.07-x86_64-aarch64-none-elf/bin/../lib/gcc/aarch64-none-elf/10.3.1/../../../../aarch64-none-elf/lib/libm.a(lib_a-exp_data.o)
                0x00000000c000d848                __exp_data
 .rodata.__pow_log_data
                0x00000000c000e0b8     0x1048 /opt/gcc-arm-10.3-2021.07-x86_64-aarch64-none-elf/bin/../lib/gcc/aarch64-none-elf/10.3.1/../../../../aarch64-none-elf/lib/libm.a(lib_a-pow_log_data.o)
                0x00000000c000e0b8                __pow_log_data
 *(.glue_7)
 *(.glue_7t)
 *(.eh_frame)
 .eh_frame      0x00000000c000f100        0x0 /opt/gcc-arm-10.3-2021.07-x86_64-aarch64-none-elf/bin/../lib/gcc/aarch64-none-elf/10.3.1/crtbegin.o
                0x00000000c000f100                . = ALIGN (0x40)
 *(.init)
 .init          0x00000000c000f100       0x18 /opt/gcc-arm-10.3-2021.07-x86_64-aarch64-none-elf/bin/../lib/gcc/aarch64-none-elf/10.3.1/crti.o
                0x00000000c000f100                _init
 .init          0x00000000c000f118       0x1c /opt/gcc-arm-10.3-2021.07-x86_64-aarch64-none-elf/bin/../lib/gcc/aarch64-none-elf/10.3.1/crtn.o
                0x00000000c000f140                . = ALIGN (0x40)
 *fill*         0x00000000c000f134        0xc 
 *(.fini)
 .fini          0x00000000c000f140       0x18 /opt/gcc-arm-10.3-2021.07-x86_64-aarch64-none-elf/bin/../lib/gcc/aarch64-none-elf/10.3.1/crti.o
                0x00000000c000f140                _fini
 .fini          0x00000000c000f158       0x1c /opt/gcc-arm-10.3-2021.07-x86_64-aarch64-none-elf/bin/../lib/gcc/aarch64-none-elf/10.3.1/crtn.o

.iplt           0x00000000c000f174        0x0
 .iplt          0x00000000c000f174        0x0 /opt/gcc-arm-10.3-2021.07-x86_64-aarch64-none-elf/bin/../lib/gcc/aarch64-none-elf/10.3.1/crtbegin.o

.rela.dyn       0x00000000c000f178        0x0
 .rela.iplt     0x00000000c000f178        0x0 /opt/gcc-arm-10.3-2021.07-x86_64-aarch64-none-elf/bin/../lib/gcc/aarch64-none-elf/10.3.1/crtbegin.o
 .rela.rodata.cst8
                0x00000000c000f178        0x0 /opt/gcc-arm-10.3-2021.07-x86_64-aarch64-none-elf/bin/../lib/gcc/aarch64-none-elf/10.3.1/crtbegin.o
 .rela.rodata.mmu_os_ranges
                0x00000000c000f178        0x0 /opt/gcc-arm-10.3-2021.07-x86_64-aarch64-none-elf/bin/../lib/gcc/aarch64-none-elf/10.3.1/crtbegin.o
 .rela.boot     0x00000000c000f178        0x0 /opt/gcc-arm-10.3-2021.07-x86_64-aarch64-none-elf/bin/../lib/gcc/aarch64-none-elf/10.3.1/crtbegin.o

.ARM.extab
 *(.ARM.extab* .gnu.linkonce.armextab.*)

.ARM            0x00000000c000f174        0x0
                0x00000000c000f174                __exidx_start = .
 *(.ARM.exidx*)
                0x00000000c000f174                __exidx_end = .

.ctors          0x00000000c000f174        0xc
                0x00000000c000f180                . = ALIGN (0x40)
 *fill*         0x00000000c000f174        0xc 
                0x00000000c000f180                __CTOR_LIST__ = .
 *crtbegin.o(.ctors)
 *crtbegin?.o(.ctors)
 *(EXCLUDE_FILE(*crtend.o *crtend?.o) .ctors)
 *(SORT_BY_NAME(.ctors.*))
 *(.ctors)
                0x00000000c000f180                __CTOR_END__ = .

.dtors          0x00000000c000f180        0x0
                0x00000000c000f180                . = ALIGN (0x40)
                0x00000000c000f180                __DTOR_LIST__ = .
 *crtbegin.o(.dtors)
 *crtbegin?.o(.dtors)
 *(EXCLUDE_FILE(*crtend.o *crtend?.o) .dtors)
 *(SORT_BY_NAME(.dtors.*))
 *(.dtors)
                0x00000000c000f180                __DTOR_END__ = .

.preinit_array  0x00000000c000f180        0x0
                0x00000000c000f180                PROVIDE (__preinit_array_start = .)
 *(.preinit_array*)
                0x00000000c000f180                PROVIDE (__preinit_array_end = .)

.init_array     0x00000000c000f180       0x40
                0x00000000c000f180                . = ALIGN (0x40)
                0x00000000c000f180                PROVIDE (__init_array_start = .)
 *(SORT_BY_NAME(.init_array.*))
 *(.init_array*)
 .init_array    0x00000000c000f180        0x8 /opt/gcc-arm-10.3-2021.07-x86_64-aarch64-none-elf/bin/../lib/gcc/aarch64-none-elf/10.3.1/crtbegin.o
                0x00000000c000f1c0                . = ALIGN (0x40)
 *fill*         0x00000000c000f188       0x38 
                0x00000000c000f1c0                PROVIDE (__init_array_end = .)

.fini_array     0x00000000c000f1c0      0xe40
                0x00000000c000f1c0                . = ALIGN (0x40)
                0x00000000c000f1c0                PROVIDE (__fini_array_start = .)
 *(SORT_BY_NAME(.fini_array.*))
 *(.fini_array*)
 .fini_array    0x00000000c000f1c0        0x8 /opt/gcc-arm-10.3-2021.07-x86_64-aarch64-none-elf/bin/../lib/gcc/aarch64-none-elf/10.3.1/crtbegin.o
                0x00000000c0010000                . = ALIGN (0x1000)
 *fill*         0x00000000c000f1c8      0xe38 
                0x00000000c0010000                PROVIDE (__fini_array_end = .)
                0x00000000c0000000                __text = ORIGIN (m_interrupts)
                0x00000000c0010000                __etext = .

.data           0x00000000c0600000      0x768 load address 0x00000000c0010000
                0x00000000c0010000                __data_load__ = LOADADDR (.data)
                0x00000000c0600000                __data_start__ = .
 *(.data)
 *(.data*)
 .data.SystemCoreClock
                0x00000000c0600000        0x4 CMakeFiles/test_gpio.elf.dir/home/efacec/nxp/Repositories/hww/mcux-sdk/devices/MIMX8ML8/system_MIMX8ML8_ca53.c.obj
                0x00000000c0600000                SystemCoreClock
 .data.hlog_level_config
                0x00000000c0600004        0x4 CMakeFiles/test_gpio.elf.dir/home/efacec/nxp/Repositories/hww/harpoon-apps/common/libs/hlog/hlog.c.obj
                0x00000000c0600004                hlog_level_config
 .data.ullCriticalNesting
                0x00000000c0600008        0x8 CMakeFiles/test_gpio.elf.dir/home/efacec/nxp/Repositories/hww/FreeRTOS-Kernel/portable/GCC/AARCH64_SRE/port.c.obj
                0x00000000c0600008                ullCriticalNesting
 .data.uxTopUsedPriority
                0x00000000c0600010        0x8 CMakeFiles/test_gpio.elf.dir/home/efacec/nxp/Repositories/hww/FreeRTOS-Kernel/tasks.c.obj
                0x00000000c0600010                uxTopUsedPriority
 .data._impure_ptr
                0x00000000c0600018        0x8 /opt/gcc-arm-10.3-2021.07-x86_64-aarch64-none-elf/bin/../lib/gcc/aarch64-none-elf/10.3.1/../../../../aarch64-none-elf/lib/libc.a(lib_a-impure.o)
                0x00000000c0600018                _impure_ptr
 .data.impure_data
                0x00000000c0600020      0x748 /opt/gcc-arm-10.3-2021.07-x86_64-aarch64-none-elf/bin/../lib/gcc/aarch64-none-elf/10.3.1/../../../../aarch64-none-elf/lib/libc.a(lib_a-impure.o)
                0x00000000c0600768                . = ALIGN (0x8)
                0x00000000c0600768                __data_init_end__ = .
                0x00000000c0000000                __CACHE_REGION_START = ORIGIN (m_interrupts)
                0x0000000000000000                __CACHE_REGION_SIZE = 0x0

.tm_clone_table
                0x00000000c0600768        0x0 load address 0x00000000c0010768
 .tm_clone_table
                0x00000000c0600768        0x0 /opt/gcc-arm-10.3-2021.07-x86_64-aarch64-none-elf/bin/../lib/gcc/aarch64-none-elf/10.3.1/crtbegin.o
 .tm_clone_table
                0x00000000c0600768        0x0 /opt/gcc-arm-10.3-2021.07-x86_64-aarch64-none-elf/bin/../lib/gcc/aarch64-none-elf/10.3.1/crtend.o

.igot.plt       0x00000000c0600768        0x0 load address 0x00000000c0010768
 .igot.plt      0x00000000c0600768        0x0 /opt/gcc-arm-10.3-2021.07-x86_64-aarch64-none-elf/bin/../lib/gcc/aarch64-none-elf/10.3.1/crtbegin.o

.ncache.init    0x00000000c0c00000        0x0 load address 0x00000000c0010768
                0x00000000c0010768                __noncachedata_load__ = LOADADDR (.ncache.init)
                0x00000000c0c00000                __noncachedata_start__ = .
 *(NonCacheable.init)
                0x00000000c0c00000                . = ALIGN (0x8)
                0x00000000c0c00000                __noncachedata_init_end__ = .

.ncache         0x00000000c0c00000        0x0 load address 0x00000000c0010768
 *(NonCacheable)
                0x00000000c0c00000                . = ALIGN (0x1000)
                0x00000000c0c00000                __noncachedata_end__ = .
                0x00000000c0010768                __DATA_END = (__noncachedata_load__ + (__noncachedata_init_end__ - __noncachedata_start__))
                0x00000000c0600000                text_end = (ORIGIN (m_text) + LENGTH (m_text))
                0x0000000000000001                ASSERT ((__DATA_END <= text_end), region m_text overflowed with text and data)

.bss            0x00000000c0601000   0x164680
                0x00000000c0601000                . = ALIGN (0x40)
                0x00000000c0601000                __START_BSS = .
                0x00000000c0601000                __bss_start__ = .
 *(.bss)
 *(.bss*)
 .bss.completed.1
                0x00000000c0601000        0x1 /opt/gcc-arm-10.3-2021.07-x86_64-aarch64-none-elf/bin/../lib/gcc/aarch64-none-elf/10.3.1/crtbegin.o
 *fill*         0x00000000c0601001        0x7 
 .bss.object.0  0x00000000c0601008       0x30 /opt/gcc-arm-10.3-2021.07-x86_64-aarch64-none-elf/bin/../lib/gcc/aarch64-none-elf/10.3.1/crtbegin.o
 *fill*         0x00000000c0601038        0x8 
 .bss.uxIdleTaskStack.2
                0x00000000c0601040      0x2d0 CMakeFiles/test_gpio.elf.dir/home/efacec/nxp/Repositories/hww/harpoon-apps/common/freertos/FreeRTOS_helper.c.obj
 .bss.uxTimerTaskStack.0
                0x00000000c0601310      0x5a0 CMakeFiles/test_gpio.elf.dir/home/efacec/nxp/Repositories/hww/harpoon-apps/common/freertos/FreeRTOS_helper.c.obj
 .bss.xIdleTaskTCB.3
                0x00000000c06018b0       0xd0 CMakeFiles/test_gpio.elf.dir/home/efacec/nxp/Repositories/hww/harpoon-apps/common/freertos/FreeRTOS_helper.c.obj
 .bss.xTimerTaskTCB.1
                0x00000000c0601980       0xd0 CMakeFiles/test_gpio.elf.dir/home/efacec/nxp/Repositories/hww/harpoon-apps/common/freertos/FreeRTOS_helper.c.obj
 .bss.FreeRTOS_tick_interval
                0x00000000c0601a50        0x4 CMakeFiles/test_gpio.elf.dir/home/efacec/nxp/Repositories/hww/harpoon-apps/common/freertos/FreeRTOS_tick_config.c.obj
                0x00000000c0601a50                FreeRTOS_tick_interval
 *fill*         0x00000000c0601a54        0x4 
 .bss.cpu_busy  0x00000000c0601a58        0x8 CMakeFiles/test_gpio.elf.dir/home/efacec/nxp/Repositories/hww/harpoon-apps/common/freertos/idle.c.obj
 .bss.cpu_idle  0x00000000c0601a60        0x8 CMakeFiles/test_gpio.elf.dir/home/efacec/nxp/Repositories/hww/harpoon-apps/common/freertos/idle.c.obj
 .bss.cpu_load_work_begin
                0x00000000c0601a68        0x8 CMakeFiles/test_gpio.elf.dir/home/efacec/nxp/Repositories/hww/harpoon-apps/common/freertos/idle.c.obj
                0x00000000c0601a68                cpu_load_work_begin
 .bss.cpu_load_work_end.1
                0x00000000c0601a70        0x8 CMakeFiles/test_gpio.elf.dir/home/efacec/nxp/Repositories/hww/harpoon-apps/common/freertos/idle.c.obj
 .bss.handler   0x00000000c0601a78     0x3ff0 CMakeFiles/test_gpio.elf.dir/home/efacec/nxp/Repositories/hww/harpoon-apps/common/freertos/irq.c.obj
 .bss.uart_task_h
                0x00000000c0605a68        0x8 CMakeFiles/test_gpio.elf.dir/home/efacec/nxp/Repositories/hww/harpoon-apps/common/freertos/uart.c.obj
 .bss.s_UartState
                0x00000000c0605a70       0x28 CMakeFiles/test_gpio.elf.dir/home/efacec/nxp/Repositories/hww/mcux-sdk/components/uart/fsl_adapter_iuart.c.obj
 .bss.kernel_ptables
                0x00000000c0605a98        0x8 CMakeFiles/test_gpio.elf.dir/home/efacec/nxp/Repositories/hww/mcux-sdk/CMSIS/Core_AArch64/Source/mmu_armv8a.c.obj
 *fill*         0x00000000c0605aa0      0x560 
 .bss.xlat_tables
                0x00000000c0606000    0x20000 CMakeFiles/test_gpio.elf.dir/home/efacec/nxp/Repositories/hww/mcux-sdk/CMSIS/Core_AArch64/Source/mmu_armv8a.c.obj
 .bss.xlat_use_count
                0x00000000c0626000       0x40 CMakeFiles/test_gpio.elf.dir/home/efacec/nxp/Repositories/hww/mcux-sdk/CMSIS/Core_AArch64/Source/mmu_armv8a.c.obj
 .bss.s_pfserialLowpowerCriticalCallbacks
                0x00000000c0626040        0x8 CMakeFiles/test_gpio.elf.dir/home/efacec/nxp/Repositories/hww/mcux-sdk/components/serial_manager/fsl_component_serial_manager.c.obj
 .bss.pxEnd     0x00000000c0626048        0x8 CMakeFiles/test_gpio.elf.dir/home/efacec/nxp/Repositories/hww/FreeRTOS-Kernel/portable/MemMang/heap_4.c.obj
 .bss.ucHeap    0x00000000c0626050   0x100000 CMakeFiles/test_gpio.elf.dir/home/efacec/nxp/Repositories/hww/FreeRTOS-Kernel/portable/MemMang/heap_4.c.obj
 .bss.xFreeBytesRemaining
                0x00000000c0726050        0x8 CMakeFiles/test_gpio.elf.dir/home/efacec/nxp/Repositories/hww/FreeRTOS-Kernel/portable/MemMang/heap_4.c.obj
 .bss.xMinimumEverFreeBytesRemaining
                0x00000000c0726058        0x8 CMakeFiles/test_gpio.elf.dir/home/efacec/nxp/Repositories/hww/FreeRTOS-Kernel/portable/MemMang/heap_4.c.obj
 .bss.xNumberOfSuccessfulAllocations
                0x00000000c0726060        0x8 CMakeFiles/test_gpio.elf.dir/home/efacec/nxp/Repositories/hww/FreeRTOS-Kernel/portable/MemMang/heap_4.c.obj
 .bss.xNumberOfSuccessfulFrees
                0x00000000c0726068        0x8 CMakeFiles/test_gpio.elf.dir/home/efacec/nxp/Repositories/hww/FreeRTOS-Kernel/portable/MemMang/heap_4.c.obj
 .bss.xStart    0x00000000c0726070       0x10 CMakeFiles/test_gpio.elf.dir/home/efacec/nxp/Repositories/hww/FreeRTOS-Kernel/portable/MemMang/heap_4.c.obj
 .bss.ullPortInterruptNesting
                0x00000000c0726080        0x8 CMakeFiles/test_gpio.elf.dir/home/efacec/nxp/Repositories/hww/FreeRTOS-Kernel/portable/GCC/AARCH64_SRE/port.c.obj
                0x00000000c0726080                ullPortInterruptNesting
 .bss.ullPortTaskHasFPUContext
                0x00000000c0726088        0x8 CMakeFiles/test_gpio.elf.dir/home/efacec/nxp/Repositories/hww/FreeRTOS-Kernel/portable/GCC/AARCH64_SRE/port.c.obj
                0x00000000c0726088                ullPortTaskHasFPUContext
 .bss.ullPortYieldRequired
                0x00000000c0726090        0x8 CMakeFiles/test_gpio.elf.dir/home/efacec/nxp/Repositories/hww/FreeRTOS-Kernel/portable/GCC/AARCH64_SRE/port.c.obj
                0x00000000c0726090                ullPortYieldRequired
 *fill*         0x00000000c0726098        0x8 
 .bss.xQueueRegistry
                0x00000000c07260a0       0x80 CMakeFiles/test_gpio.elf.dir/home/efacec/nxp/Repositories/hww/FreeRTOS-Kernel/queue.c.obj
                0x00000000c07260a0                xQueueRegistry
 .bss.pxCurrentTCB
                0x00000000c0726120        0x8 CMakeFiles/test_gpio.elf.dir/home/efacec/nxp/Repositories/hww/FreeRTOS-Kernel/tasks.c.obj
                0x00000000c0726120                pxCurrentTCB
 .bss.pxDelayedTaskList
                0x00000000c0726128        0x8 CMakeFiles/test_gpio.elf.dir/home/efacec/nxp/Repositories/hww/FreeRTOS-Kernel/tasks.c.obj
 .bss.pxOverflowDelayedTaskList
                0x00000000c0726130        0x8 CMakeFiles/test_gpio.elf.dir/home/efacec/nxp/Repositories/hww/FreeRTOS-Kernel/tasks.c.obj
 .bss.pxReadyTasksLists
                0x00000000c0726138      0x280 CMakeFiles/test_gpio.elf.dir/home/efacec/nxp/Repositories/hww/FreeRTOS-Kernel/tasks.c.obj
 .bss.uxCurrentNumberOfTasks
                0x00000000c07263b8        0x8 CMakeFiles/test_gpio.elf.dir/home/efacec/nxp/Repositories/hww/FreeRTOS-Kernel/tasks.c.obj
 .bss.uxDeletedTasksWaitingCleanUp
                0x00000000c07263c0        0x8 CMakeFiles/test_gpio.elf.dir/home/efacec/nxp/Repositories/hww/FreeRTOS-Kernel/tasks.c.obj
 .bss.uxSchedulerSuspended
                0x00000000c07263c8        0x8 CMakeFiles/test_gpio.elf.dir/home/efacec/nxp/Repositories/hww/FreeRTOS-Kernel/tasks.c.obj
 .bss.uxTaskNumber
                0x00000000c07263d0        0x8 CMakeFiles/test_gpio.elf.dir/home/efacec/nxp/Repositories/hww/FreeRTOS-Kernel/tasks.c.obj
 .bss.uxTopReadyPriority
                0x00000000c07263d8        0x8 CMakeFiles/test_gpio.elf.dir/home/efacec/nxp/Repositories/hww/FreeRTOS-Kernel/tasks.c.obj
 .bss.xDelayedTaskList1
                0x00000000c07263e0       0x28 CMakeFiles/test_gpio.elf.dir/home/efacec/nxp/Repositories/hww/FreeRTOS-Kernel/tasks.c.obj
 .bss.xDelayedTaskList2
                0x00000000c0726408       0x28 CMakeFiles/test_gpio.elf.dir/home/efacec/nxp/Repositories/hww/FreeRTOS-Kernel/tasks.c.obj
 .bss.xNextTaskUnblockTime
                0x00000000c0726430        0x8 CMakeFiles/test_gpio.elf.dir/home/efacec/nxp/Repositories/hww/FreeRTOS-Kernel/tasks.c.obj
 .bss.xNumOfOverflows
                0x00000000c0726438        0x8 CMakeFiles/test_gpio.elf.dir/home/efacec/nxp/Repositories/hww/FreeRTOS-Kernel/tasks.c.obj
 .bss.xPendedTicks
                0x00000000c0726440        0x8 CMakeFiles/test_gpio.elf.dir/home/efacec/nxp/Repositories/hww/FreeRTOS-Kernel/tasks.c.obj
 .bss.xPendingReadyList
                0x00000000c0726448       0x28 CMakeFiles/test_gpio.elf.dir/home/efacec/nxp/Repositories/hww/FreeRTOS-Kernel/tasks.c.obj
 .bss.xSchedulerRunning
                0x00000000c0726470        0x8 CMakeFiles/test_gpio.elf.dir/home/efacec/nxp/Repositories/hww/FreeRTOS-Kernel/tasks.c.obj
 .bss.xSuspendedTaskList
                0x00000000c0726478       0x28 CMakeFiles/test_gpio.elf.dir/home/efacec/nxp/Repositories/hww/FreeRTOS-Kernel/tasks.c.obj
 .bss.xTasksWaitingTermination
                0x00000000c07264a0       0x28 CMakeFiles/test_gpio.elf.dir/home/efacec/nxp/Repositories/hww/FreeRTOS-Kernel/tasks.c.obj
 .bss.xTickCount
                0x00000000c07264c8        0x8 CMakeFiles/test_gpio.elf.dir/home/efacec/nxp/Repositories/hww/FreeRTOS-Kernel/tasks.c.obj
 .bss.xYieldPending
                0x00000000c07264d0        0x8 CMakeFiles/test_gpio.elf.dir/home/efacec/nxp/Repositories/hww/FreeRTOS-Kernel/tasks.c.obj
 .bss.pxCurrentTimerList
                0x00000000c07264d8        0x8 CMakeFiles/test_gpio.elf.dir/home/efacec/nxp/Repositories/hww/FreeRTOS-Kernel/timers.c.obj
 .bss.pxOverflowTimerList
                0x00000000c07264e0        0x8 CMakeFiles/test_gpio.elf.dir/home/efacec/nxp/Repositories/hww/FreeRTOS-Kernel/timers.c.obj
 *fill*         0x00000000c07264e8        0x8 
 .bss.ucStaticTimerQueueStorage.1
                0x00000000c07264f0      0x140 CMakeFiles/test_gpio.elf.dir/home/efacec/nxp/Repositories/hww/FreeRTOS-Kernel/timers.c.obj
 .bss.xActiveTimerList1
                0x00000000c0726630       0x28 CMakeFiles/test_gpio.elf.dir/home/efacec/nxp/Repositories/hww/FreeRTOS-Kernel/timers.c.obj
 .bss.xActiveTimerList2
                0x00000000c0726658       0x28 CMakeFiles/test_gpio.elf.dir/home/efacec/nxp/Repositories/hww/FreeRTOS-Kernel/timers.c.obj
 .bss.xLastTime.2
                0x00000000c0726680        0x8 CMakeFiles/test_gpio.elf.dir/home/efacec/nxp/Repositories/hww/FreeRTOS-Kernel/timers.c.obj
 *fill*         0x00000000c0726688        0x8 
 .bss.xStaticTimerQueue.0
                0x00000000c0726690       0xa0 CMakeFiles/test_gpio.elf.dir/home/efacec/nxp/Repositories/hww/FreeRTOS-Kernel/timers.c.obj
 .bss.xTimerQueue
                0x00000000c0726730        0x8 CMakeFiles/test_gpio.elf.dir/home/efacec/nxp/Repositories/hww/FreeRTOS-Kernel/timers.c.obj
 .bss.xTimerTaskHandle
                0x00000000c0726738        0x8 CMakeFiles/test_gpio.elf.dir/home/efacec/nxp/Repositories/hww/FreeRTOS-Kernel/timers.c.obj
 .bss.g_serialHandle
                0x00000000c0726740        0x8 CMakeFiles/test_gpio.elf.dir/home/efacec/nxp/Repositories/hww/mcux-sdk/utilities/debug_console/debug_console/fsl_debug_console.c.obj
                0x00000000c0726740                g_serialHandle
 *fill*         0x00000000c0726748        0x8 
 .bss.s_debugConsoleState
                0x00000000c0726750    0x3ef18 CMakeFiles/test_gpio.elf.dir/home/efacec/nxp/Repositories/hww/mcux-sdk/utilities/debug_console/debug_console/fsl_debug_console.c.obj
 *(COMMON)
                0x00000000c0765680                . = ALIGN (0x40)
 *fill*         0x00000000c0765668       0x18 
                0x00000000c0765680                __bss_end__ = .
                0x00000000c0765680                __END_BSS = .

.heap           0x00000000c0765680      0x980
                0x00000000c0765680                . = ALIGN (0x40)
                0x00000000c0765680                __end__ = .
                0x00000000c0765680                PROVIDE (end = .)
                0x00000000c0765680                __HeapBase = .
                0x00000000c0765a80                . = (. + HEAP_SIZE)
 *fill*         0x00000000c0765680      0x400 
                0x00000000c0765a80                __HeapLimit = .
                0x00000000c0765a80                __heap_limit = .
                0x00000000c0766000                . = ALIGN (0x1000)
 *fill*         0x00000000c0765a80      0x580 
                0x00000000c0766000                __data_end__ = .

.stack          0x00000000c0bfe000     0x2000
                0x00000000c0bfe000                . = ALIGN (0x1000)
                0x00000000c0bfe000                __stacks_limit__ = .
                0x00000000c0bfe000                _el1_stack_end = .
                0x00000000c0bff000                . = (. + STACK_SIZE)
 *fill*         0x00000000c0bfe000     0x1000 
                0x00000000c0bff000                . = ALIGN (0x40)
                0x00000000c0bff000                __el1_stack = .
                0x00000000c0bff000                _el0_stack_end = .
                0x00000000c0c00000                . = (. + STACK_SIZE)
 *fill*         0x00000000c0bff000     0x1000 
                0x00000000c0c00000                . = ALIGN (0x40)
                0x00000000c0c00000                __el0_stack = .
                0x00000000c0c00000                . = ALIGN (0x1000)
                0x00000000c0c00000                __stacks_top__ = .
OUTPUT(ddr_release/test_gpio.elf elf64-littleaarch64)
LOAD linker stubs

.comment        0x0000000000000000       0x5d
 .comment       0x0000000000000000       0x5d /opt/gcc-arm-10.3-2021.07-x86_64-aarch64-none-elf/bin/../lib/gcc/aarch64-none-elf/10.3.1/crtbegin.o
                                         0x5e (size before relaxing)
 .comment       0x000000000000005d       0x5e CMakeFiles/test_gpio.elf.dir/home/efacec/nxp/Repositories/hww/harpoon-apps/test_gpio/freertos/main.c.obj
 .comment       0x000000000000005d       0x5e CMakeFiles/test_gpio.elf.dir/home/efacec/nxp/Repositories/hww/harpoon-apps/test_gpio/freertos/fsl_gpio.c.obj
 .comment       0x000000000000005d       0x5e CMakeFiles/test_gpio.elf.dir/home/efacec/nxp/Repositories/hww/harpoon-apps/common/freertos/boards/evkmimx8mp/board.c.obj
 .comment       0x000000000000005d       0x5e CMakeFiles/test_gpio.elf.dir/home/efacec/nxp/Repositories/hww/harpoon-apps/common/freertos/boards/evkmimx8mp/mmu.c.obj
 .comment       0x000000000000005d       0x5e CMakeFiles/test_gpio.elf.dir/home/efacec/nxp/Repositories/hww/mcux-sdk/devices/MIMX8ML8/system_MIMX8ML8_ca53.c.obj
 .comment       0x000000000000005d       0x5e CMakeFiles/test_gpio.elf.dir/home/efacec/nxp/Repositories/hww/harpoon-apps/common/freertos/FreeRTOS_helper.c.obj
 .comment       0x000000000000005d       0x5e CMakeFiles/test_gpio.elf.dir/home/efacec/nxp/Repositories/hww/harpoon-apps/common/freertos/FreeRTOS_tick_config.c.obj
 .comment       0x000000000000005d       0x5e CMakeFiles/test_gpio.elf.dir/home/efacec/nxp/Repositories/hww/harpoon-apps/common/freertos/idle.c.obj
 .comment       0x000000000000005d       0x5e CMakeFiles/test_gpio.elf.dir/home/efacec/nxp/Repositories/hww/harpoon-apps/common/freertos/irq.c.obj
 .comment       0x000000000000005d       0x5e CMakeFiles/test_gpio.elf.dir/home/efacec/nxp/Repositories/hww/harpoon-apps/common/freertos/uart.c.obj
 .comment       0x000000000000005d       0x5e CMakeFiles/test_gpio.elf.dir/home/efacec/nxp/Repositories/hww/harpoon-apps/common/freertos/core/armv8a/exception.c.obj
 .comment       0x000000000000005d       0x5e CMakeFiles/test_gpio.elf.dir/home/efacec/nxp/Repositories/hww/harpoon-apps/common/freertos/core/armv8a/system.c.obj
 .comment       0x000000000000005d       0x5e CMakeFiles/test_gpio.elf.dir/home/efacec/nxp/Repositories/hww/harpoon-apps/common/libs/hlog/hlog.c.obj
 .comment       0x000000000000005d       0x5e CMakeFiles/test_gpio.elf.dir/home/efacec/nxp/Repositories/hww/mcux-sdk/components/uart/fsl_adapter_iuart.c.obj
 .comment       0x000000000000005d       0x5e CMakeFiles/test_gpio.elf.dir/home/efacec/nxp/Repositories/hww/mcux-sdk/CMSIS/Core_AArch64/Source/mmu_armv8a.c.obj
 .comment       0x000000000000005d       0x5e CMakeFiles/test_gpio.elf.dir/home/efacec/nxp/Repositories/hww/mcux-sdk/drivers/iuart/fsl_uart.c.obj
 .comment       0x000000000000005d       0x5e CMakeFiles/test_gpio.elf.dir/home/efacec/nxp/Repositories/hww/mcux-sdk/components/lists/fsl_component_generic_list.c.obj
 .comment       0x000000000000005d       0x5e CMakeFiles/test_gpio.elf.dir/home/efacec/nxp/Repositories/hww/mcux-sdk/components/serial_manager/fsl_component_serial_manager.c.obj
 .comment       0x000000000000005d       0x5e CMakeFiles/test_gpio.elf.dir/home/efacec/nxp/Repositories/hww/mcux-sdk/components/serial_manager/fsl_component_serial_port_uart.c.obj
 .comment       0x000000000000005d       0x5e CMakeFiles/test_gpio.elf.dir/home/efacec/nxp/Repositories/hww/mcux-sdk/devices/MIMX8ML8/drivers/fsl_clock.c.obj
 .comment       0x000000000000005d       0x5e CMakeFiles/test_gpio.elf.dir/home/efacec/nxp/Repositories/hww/FreeRTOS-Kernel/portable/MemMang/heap_4.c.obj
 .comment       0x000000000000005d       0x5e CMakeFiles/test_gpio.elf.dir/home/efacec/nxp/Repositories/hww/FreeRTOS-Kernel/list.c.obj
 .comment       0x000000000000005d       0x5e CMakeFiles/test_gpio.elf.dir/home/efacec/nxp/Repositories/hww/FreeRTOS-Kernel/portable/GCC/AARCH64_SRE/port.c.obj
 .comment       0x000000000000005d       0x5e CMakeFiles/test_gpio.elf.dir/home/efacec/nxp/Repositories/hww/FreeRTOS-Kernel/queue.c.obj
 .comment       0x000000000000005d       0x5e CMakeFiles/test_gpio.elf.dir/home/efacec/nxp/Repositories/hww/FreeRTOS-Kernel/tasks.c.obj
 .comment       0x000000000000005d       0x5e CMakeFiles/test_gpio.elf.dir/home/efacec/nxp/Repositories/hww/FreeRTOS-Kernel/timers.c.obj
 .comment       0x000000000000005d       0x5e CMakeFiles/test_gpio.elf.dir/home/efacec/nxp/Repositories/hww/mcux-sdk/utilities/debug_console/str/fsl_str.c.obj
 .comment       0x000000000000005d       0x5e CMakeFiles/test_gpio.elf.dir/home/efacec/nxp/Repositories/hww/mcux-sdk/utilities/debug_console/debug_console/fsl_debug_console.c.obj
 .comment       0x000000000000005d       0x5e /opt/gcc-arm-10.3-2021.07-x86_64-aarch64-none-elf/bin/../lib/gcc/aarch64-none-elf/10.3.1/../../../../aarch64-none-elf/lib/libm.a(lib_a-pow.o)
 .comment       0x000000000000005d       0x5e /opt/gcc-arm-10.3-2021.07-x86_64-aarch64-none-elf/bin/../lib/gcc/aarch64-none-elf/10.3.1/../../../../aarch64-none-elf/lib/libm.a(lib_a-s_modf.o)
 .comment       0x000000000000005d       0x5e /opt/gcc-arm-10.3-2021.07-x86_64-aarch64-none-elf/bin/../lib/gcc/aarch64-none-elf/10.3.1/../../../../aarch64-none-elf/lib/libm.a(lib_a-exp_data.o)
 .comment       0x000000000000005d       0x5e /opt/gcc-arm-10.3-2021.07-x86_64-aarch64-none-elf/bin/../lib/gcc/aarch64-none-elf/10.3.1/../../../../aarch64-none-elf/lib/libm.a(lib_a-math_err.o)
 .comment       0x000000000000005d       0x5e /opt/gcc-arm-10.3-2021.07-x86_64-aarch64-none-elf/bin/../lib/gcc/aarch64-none-elf/10.3.1/../../../../aarch64-none-elf/lib/libm.a(lib_a-pow_log_data.o)
 .comment       0x000000000000005d       0x5e /opt/gcc-arm-10.3-2021.07-x86_64-aarch64-none-elf/bin/../lib/gcc/aarch64-none-elf/10.3.1/../../../../aarch64-none-elf/lib/libm.a(lib_a-s_fpclassify.o)
 .comment       0x000000000000005d       0x5e /opt/gcc-arm-10.3-2021.07-x86_64-aarch64-none-elf/bin/../lib/gcc/aarch64-none-elf/10.3.1/../../../../aarch64-none-elf/lib/libc.a(lib_a-errno.o)
 .comment       0x000000000000005d       0x5e /opt/gcc-arm-10.3-2021.07-x86_64-aarch64-none-elf/bin/../lib/gcc/aarch64-none-elf/10.3.1/../../../../aarch64-none-elf/lib/libc.a(lib_a-impure.o)
 .comment       0x000000000000005d       0x5e /opt/gcc-arm-10.3-2021.07-x86_64-aarch64-none-elf/bin/../lib/gcc/aarch64-none-elf/10.3.1/crtend.o

.debug_info     0x0000000000000000     0x32d1
 .debug_info    0x0000000000000000     0x1539 /opt/gcc-arm-10.3-2021.07-x86_64-aarch64-none-elf/bin/../lib/gcc/aarch64-none-elf/10.3.1/../../../../aarch64-none-elf/lib/libm.a(lib_a-pow.o)
 .debug_info    0x0000000000001539      0x26b /opt/gcc-arm-10.3-2021.07-x86_64-aarch64-none-elf/bin/../lib/gcc/aarch64-none-elf/10.3.1/../../../../aarch64-none-elf/lib/libm.a(lib_a-s_modf.o)
 .debug_info    0x00000000000017a4      0x16c /opt/gcc-arm-10.3-2021.07-x86_64-aarch64-none-elf/bin/../lib/gcc/aarch64-none-elf/10.3.1/../../../../aarch64-none-elf/lib/libm.a(lib_a-exp_data.o)
 .debug_info    0x0000000000001910      0x437 /opt/gcc-arm-10.3-2021.07-x86_64-aarch64-none-elf/bin/../lib/gcc/aarch64-none-elf/10.3.1/../../../../aarch64-none-elf/lib/libm.a(lib_a-math_err.o)
 .debug_info    0x0000000000001d47      0x14f /opt/gcc-arm-10.3-2021.07-x86_64-aarch64-none-elf/bin/../lib/gcc/aarch64-none-elf/10.3.1/../../../../aarch64-none-elf/lib/libm.a(lib_a-pow_log_data.o)
 .debug_info    0x0000000000001e96      0x153 /opt/gcc-arm-10.3-2021.07-x86_64-aarch64-none-elf/bin/../lib/gcc/aarch64-none-elf/10.3.1/../../../../aarch64-none-elf/lib/libm.a(lib_a-s_fpclassify.o)
 .debug_info    0x0000000000001fe9      0x924 /opt/gcc-arm-10.3-2021.07-x86_64-aarch64-none-elf/bin/../lib/gcc/aarch64-none-elf/10.3.1/../../../../aarch64-none-elf/lib/libc.a(lib_a-errno.o)
 .debug_info    0x000000000000290d      0x93a /opt/gcc-arm-10.3-2021.07-x86_64-aarch64-none-elf/bin/../lib/gcc/aarch64-none-elf/10.3.1/../../../../aarch64-none-elf/lib/libc.a(lib_a-impure.o)
 .debug_info    0x0000000000003247       0x2e /opt/gcc-arm-10.3-2021.07-x86_64-aarch64-none-elf/bin/../lib/gcc/aarch64-none-elf/10.3.1/../../../../aarch64-none-elf/lib/libc.a(lib_a-memcpy.o)
 .debug_info    0x0000000000003275       0x2e /opt/gcc-arm-10.3-2021.07-x86_64-aarch64-none-elf/bin/../lib/gcc/aarch64-none-elf/10.3.1/../../../../aarch64-none-elf/lib/libc.a(lib_a-memset.o)
 .debug_info    0x00000000000032a3       0x2e /opt/gcc-arm-10.3-2021.07-x86_64-aarch64-none-elf/bin/../lib/gcc/aarch64-none-elf/10.3.1/../../../../aarch64-none-elf/lib/libc.a(lib_a-strlen.o)

.debug_abbrev   0x0000000000000000      0xb74
 .debug_abbrev  0x0000000000000000      0x303 /opt/gcc-arm-10.3-2021.07-x86_64-aarch64-none-elf/bin/../lib/gcc/aarch64-none-elf/10.3.1/../../../../aarch64-none-elf/lib/libm.a(lib_a-pow.o)
 .debug_abbrev  0x0000000000000303      0x151 /opt/gcc-arm-10.3-2021.07-x86_64-aarch64-none-elf/bin/../lib/gcc/aarch64-none-elf/10.3.1/../../../../aarch64-none-elf/lib/libm.a(lib_a-s_modf.o)
 .debug_abbrev  0x0000000000000454       0xa3 /opt/gcc-arm-10.3-2021.07-x86_64-aarch64-none-elf/bin/../lib/gcc/aarch64-none-elf/10.3.1/../../../../aarch64-none-elf/lib/libm.a(lib_a-exp_data.o)
 .debug_abbrev  0x00000000000004f7      0x12f /opt/gcc-arm-10.3-2021.07-x86_64-aarch64-none-elf/bin/../lib/gcc/aarch64-none-elf/10.3.1/../../../../aarch64-none-elf/lib/libm.a(lib_a-math_err.o)
 .debug_abbrev  0x0000000000000626       0xa3 /opt/gcc-arm-10.3-2021.07-x86_64-aarch64-none-elf/bin/../lib/gcc/aarch64-none-elf/10.3.1/../../../../aarch64-none-elf/lib/libm.a(lib_a-pow_log_data.o)
 .debug_abbrev  0x00000000000006c9       0xdb /opt/gcc-arm-10.3-2021.07-x86_64-aarch64-none-elf/bin/../lib/gcc/aarch64-none-elf/10.3.1/../../../../aarch64-none-elf/lib/libm.a(lib_a-s_fpclassify.o)
 .debug_abbrev  0x00000000000007a4      0x1cd /opt/gcc-arm-10.3-2021.07-x86_64-aarch64-none-elf/bin/../lib/gcc/aarch64-none-elf/10.3.1/../../../../aarch64-none-elf/lib/libc.a(lib_a-errno.o)
 .debug_abbrev  0x0000000000000971      0x1c7 /opt/gcc-arm-10.3-2021.07-x86_64-aarch64-none-elf/bin/../lib/gcc/aarch64-none-elf/10.3.1/../../../../aarch64-none-elf/lib/libc.a(lib_a-impure.o)
 .debug_abbrev  0x0000000000000b38       0x14 /opt/gcc-arm-10.3-2021.07-x86_64-aarch64-none-elf/bin/../lib/gcc/aarch64-none-elf/10.3.1/../../../../aarch64-none-elf/lib/libc.a(lib_a-memcpy.o)
 .debug_abbrev  0x0000000000000b4c       0x14 /opt/gcc-arm-10.3-2021.07-x86_64-aarch64-none-elf/bin/../lib/gcc/aarch64-none-elf/10.3.1/../../../../aarch64-none-elf/lib/libc.a(lib_a-memset.o)
 .debug_abbrev  0x0000000000000b60       0x14 /opt/gcc-arm-10.3-2021.07-x86_64-aarch64-none-elf/bin/../lib/gcc/aarch64-none-elf/10.3.1/../../../../aarch64-none-elf/lib/libc.a(lib_a-strlen.o)

.debug_loc      0x0000000000000000     0x2a01
 .debug_loc     0x0000000000000000     0x205f /opt/gcc-arm-10.3-2021.07-x86_64-aarch64-none-elf/bin/../lib/gcc/aarch64-none-elf/10.3.1/../../../../aarch64-none-elf/lib/libm.a(lib_a-pow.o)
 .debug_loc     0x000000000000205f      0x559 /opt/gcc-arm-10.3-2021.07-x86_64-aarch64-none-elf/bin/../lib/gcc/aarch64-none-elf/10.3.1/../../../../aarch64-none-elf/lib/libm.a(lib_a-s_modf.o)
 .debug_loc     0x00000000000025b8      0x3ff /opt/gcc-arm-10.3-2021.07-x86_64-aarch64-none-elf/bin/../lib/gcc/aarch64-none-elf/10.3.1/../../../../aarch64-none-elf/lib/libm.a(lib_a-math_err.o)
 .debug_loc     0x00000000000029b7       0x4a /opt/gcc-arm-10.3-2021.07-x86_64-aarch64-none-elf/bin/../lib/gcc/aarch64-none-elf/10.3.1/../../../../aarch64-none-elf/lib/libm.a(lib_a-s_fpclassify.o)

.debug_aranges  0x0000000000000000      0x260
 .debug_aranges
                0x0000000000000000       0x30 /opt/gcc-arm-10.3-2021.07-x86_64-aarch64-none-elf/bin/../lib/gcc/aarch64-none-elf/10.3.1/../../../../aarch64-none-elf/lib/libm.a(lib_a-pow.o)
 .debug_aranges
                0x0000000000000030       0x30 /opt/gcc-arm-10.3-2021.07-x86_64-aarch64-none-elf/bin/../lib/gcc/aarch64-none-elf/10.3.1/../../../../aarch64-none-elf/lib/libm.a(lib_a-s_modf.o)
 .debug_aranges
                0x0000000000000060       0x20 /opt/gcc-arm-10.3-2021.07-x86_64-aarch64-none-elf/bin/../lib/gcc/aarch64-none-elf/10.3.1/../../../../aarch64-none-elf/lib/libm.a(lib_a-exp_data.o)
 .debug_aranges
                0x0000000000000080       0xb0 /opt/gcc-arm-10.3-2021.07-x86_64-aarch64-none-elf/bin/../lib/gcc/aarch64-none-elf/10.3.1/../../../../aarch64-none-elf/lib/libm.a(lib_a-math_err.o)
 .debug_aranges
                0x0000000000000130       0x20 /opt/gcc-arm-10.3-2021.07-x86_64-aarch64-none-elf/bin/../lib/gcc/aarch64-none-elf/10.3.1/../../../../aarch64-none-elf/lib/libm.a(lib_a-pow_log_data.o)
 .debug_aranges
                0x0000000000000150       0x30 /opt/gcc-arm-10.3-2021.07-x86_64-aarch64-none-elf/bin/../lib/gcc/aarch64-none-elf/10.3.1/../../../../aarch64-none-elf/lib/libm.a(lib_a-s_fpclassify.o)
 .debug_aranges
                0x0000000000000180       0x30 /opt/gcc-arm-10.3-2021.07-x86_64-aarch64-none-elf/bin/../lib/gcc/aarch64-none-elf/10.3.1/../../../../aarch64-none-elf/lib/libc.a(lib_a-errno.o)
 .debug_aranges
                0x00000000000001b0       0x20 /opt/gcc-arm-10.3-2021.07-x86_64-aarch64-none-elf/bin/../lib/gcc/aarch64-none-elf/10.3.1/../../../../aarch64-none-elf/lib/libc.a(lib_a-impure.o)
 .debug_aranges
                0x00000000000001d0       0x30 /opt/gcc-arm-10.3-2021.07-x86_64-aarch64-none-elf/bin/../lib/gcc/aarch64-none-elf/10.3.1/../../../../aarch64-none-elf/lib/libc.a(lib_a-memcpy.o)
 .debug_aranges
                0x0000000000000200       0x30 /opt/gcc-arm-10.3-2021.07-x86_64-aarch64-none-elf/bin/../lib/gcc/aarch64-none-elf/10.3.1/../../../../aarch64-none-elf/lib/libc.a(lib_a-memset.o)
 .debug_aranges
                0x0000000000000230       0x30 /opt/gcc-arm-10.3-2021.07-x86_64-aarch64-none-elf/bin/../lib/gcc/aarch64-none-elf/10.3.1/../../../../aarch64-none-elf/lib/libc.a(lib_a-strlen.o)

.debug_ranges   0x0000000000000000      0x890
 .debug_ranges  0x0000000000000000      0x690 /opt/gcc-arm-10.3-2021.07-x86_64-aarch64-none-elf/bin/../lib/gcc/aarch64-none-elf/10.3.1/../../../../aarch64-none-elf/lib/libm.a(lib_a-pow.o)
 .debug_ranges  0x0000000000000690      0x120 /opt/gcc-arm-10.3-2021.07-x86_64-aarch64-none-elf/bin/../lib/gcc/aarch64-none-elf/10.3.1/../../../../aarch64-none-elf/lib/libm.a(lib_a-s_modf.o)
 .debug_ranges  0x00000000000007b0       0xa0 /opt/gcc-arm-10.3-2021.07-x86_64-aarch64-none-elf/bin/../lib/gcc/aarch64-none-elf/10.3.1/../../../../aarch64-none-elf/lib/libm.a(lib_a-math_err.o)
 .debug_ranges  0x0000000000000850       0x20 /opt/gcc-arm-10.3-2021.07-x86_64-aarch64-none-elf/bin/../lib/gcc/aarch64-none-elf/10.3.1/../../../../aarch64-none-elf/lib/libm.a(lib_a-s_fpclassify.o)
 .debug_ranges  0x0000000000000870       0x20 /opt/gcc-arm-10.3-2021.07-x86_64-aarch64-none-elf/bin/../lib/gcc/aarch64-none-elf/10.3.1/../../../../aarch64-none-elf/lib/libc.a(lib_a-errno.o)

.debug_line     0x0000000000000000     0x19c3
 .debug_line    0x0000000000000000      0xaba /opt/gcc-arm-10.3-2021.07-x86_64-aarch64-none-elf/bin/../lib/gcc/aarch64-none-elf/10.3.1/../../../../aarch64-none-elf/lib/libm.a(lib_a-pow.o)
 .debug_line    0x0000000000000aba      0x28f /opt/gcc-arm-10.3-2021.07-x86_64-aarch64-none-elf/bin/../lib/gcc/aarch64-none-elf/10.3.1/../../../../aarch64-none-elf/lib/libm.a(lib_a-s_modf.o)